 ================>     TALLY 1: U238(N,GAMMA) TO U239     <=================

 Incoming Energy [0.1, 0.1212937390055467)
   U238
     (n,gamma)                            0 +/- 0
 Incoming Energy [0.1212937390055467, 0.1471217112194568)
   U238
     (n,gamma)                            0 +/- 0
 Incoming Energy [0.1471217112194568, 0.1784494244270221)
   U238
     (n,gamma)                            0 +/- 0
 Incoming Energy [0.1784494244270221, 0.21644797912141248)
   U238
     (n,gamma)                            8.81251e-15 +/- 5.89571e-15
 Incoming Energy [0.21644797912141248, 0.2625378468783063)
   U238
     (n,gamma)                            9.21574e-15 +/- 5.37055e-15
 Incoming Energy [0.2625378468783063, 0.31844197078335473)
   U238
     (n,gamma)                            1.45424e-14 +/- 6.71984e-15
 Incoming Energy [0.31844197078335473, 0.38625017292608155)
   U238
     (n,gamma)                            3.29398e-14 +/- 1.04827e-14
 Incoming Energy [0.38625017292608155, 0.4684972766574341)
   U238
     (n,gamma)                            5.06753e-14 +/- 1.17178e-14
 Incoming Energy [0.4684972766574341, 0.5682578639969622)
   U238
     (n,gamma)                            1.04289e-13 +/- 1.57522e-14
 Incoming Energy [0.5682578639969622, 0.6892612104349699)
   U238
     (n,gamma)                            2.50467e-13 +/- 2.86391e-14
 Incoming Energy [0.6892612104349699, 0.8360306936514645)
   U238
     (n,gamma)                            5.81474e-13 +/- 5.10414e-14
 Incoming Energy [0.8360306936514645, 1.0140528875638695)
   U238
     (n,gamma)                            1.1626e-12 +/- 6.76363e-14
 Incoming Energy [1.0140528875638695, 1.2299826628199295)
   U238
     (n,gamma)                            2.20896e-12 +/- 8.40917e-14
 Incoming Energy [1.2299826628199295, 1.4918919608542789)
   U238
     (n,gamma)                            4.12813e-12 +/- 1.23662e-13
 Incoming Energy [1.4918919608542789, 1.809571541243322)
   U238
     (n,gamma)                            7.9872e-12 +/- 1.60895e-13
 Incoming Energy [1.809571541243322, 2.1948969823543236)
   U238
     (n,gamma)                            1.52984e-11 +/- 2.33989e-13
 Incoming Energy [2.1948969823543236, 2.6622726172174738)
   U238
     (n,gamma)                            2.88522e-11 +/- 3.11713e-13
 Incoming Energy [2.6622726172174738, 3.2291699999439)
   U238
     (n,gamma)                            5.58982e-11 +/- 4.9933e-13
 Incoming Energy [3.2291699999439, 3.916781031777367)
   U238
     (n,gamma)                            1.16838e-10 +/- 7.65784e-13
 Incoming Energy [3.916781031777367, 4.750810162102798)
   U238
     (n,gamma)                            3.28275e-10 +/- 1.93996e-12
 Incoming Energy [4.750810162102798, 5.762435278669961)
   U238
     (n,gamma)                            1.1718e-09 +/- 4.63601e-12
 Incoming Energy [5.762435278669961, 6.98947320727349)
   U238
     (n,gamma)                            5.637e-07 +/- 3.58862e-09
 Incoming Energy [6.98947320727349, 8.477793389892922)
   U238
     (n,gamma)                            6.68131e-09 +/- 2.99462e-11
 Incoming Energy [8.477793389892922, 10.283032587766215)
   U238
     (n,gamma)                            1.43408e-09 +/- 4.63133e-12
 Incoming Energy [10.283032587766215, 12.472674708860467)
   U238
     (n,gamma)                            1.07633e-09 +/- 3.02051e-12
 Incoming Energy [12.472674708860467, 15.128573508376046)
   U238
     (n,gamma)                            9.65877e-10 +/- 1.92384e-12
 Incoming Energy [15.128573508376046, 18.35001246651192)
   U238
     (n,gamma)                            2.88275e-09 +/- 4.51087e-12
 Incoming Energy [18.35001246651192, 22.257416228616254)
   U238
     (n,gamma)                            2.08352e-06 +/- 7.06504e-09
 Incoming Energy [22.257416228616254, 26.996852349715994)
   U238
     (n,gamma)                            7.16392e-09 +/- 1.13675e-11
 Incoming Energy [26.996852349715994, 32.745491628777316)
   U238
     (n,gamma)                            4.72584e-09 +/- 6.07477e-12
 Incoming Energy [32.745491628777316, 39.718231152292304)
   U238
     (n,gamma)                            2.53633e-06 +/- 8.17243e-09
 Incoming Energy [39.718231152292304, 48.175727631481166)
   U238
     (n,gamma)                            6.09685e-09 +/- 6.92812e-12
 Incoming Energy [48.175727631481166, 58.43414133735181)
   U238
     (n,gamma)                            2.03157e-09 +/- 1.76701e-12
 Incoming Energy [58.43414133735181, 70.87695488385978)
   U238
     (n,gamma)                            1.17925e-06 +/- 3.2484e-09
 Incoming Energy [70.87695488385978, 85.96930867190797)
   U238
     (n,gamma)                            1.3731e-07 +/- 3.6169e-10
 Incoming Energy [85.96930867190797, 104.27538888537687)
   U238
     (n,gamma)                            1.00335e-06 +/- 2.30313e-09
 Incoming Energy [104.27538888537687, 126.47951804164788)
   U238
     (n,gamma)                            5.66442e-07 +/- 1.49234e-09
 Incoming Energy [126.47951804164788, 153.4117365089097)
   U238
     (n,gamma)                            3.48387e-08 +/- 7.80376e-11
 Incoming Energy [153.4117365089097, 186.07883128499395)
   U238
     (n,gamma)                            9.3157e-08 +/- 2.19733e-10
 Incoming Energy [186.07883128499395, 225.70197196339214)
   U238
     (n,gamma)                            7.71252e-07 +/- 1.45554e-09
 Incoming Energy [225.70197196339214, 273.76236080364936)
   U238
     (n,gamma)                            3.14651e-07 +/- 6.22159e-10
 Incoming Energy [273.76236080364936, 332.0566034086015)
   U238
     (n,gamma)                            1.99614e-07 +/- 4.40351e-10
 Incoming Energy [332.0566034086015, 402.7638698891124)
   U238
     (n,gamma)                            2.02394e-07 +/- 4.4174e-10
 Incoming Energy [402.7638698891124, 488.52735715193967)
   U238
     (n,gamma)                            1.73046e-07 +/- 2.64184e-10
 Incoming Energy [488.52735715193967, 592.5530975545687)
   U238
     (n,gamma)                            2.09834e-07 +/- 3.46063e-10
 Incoming Energy [592.5530975545687, 718.7298076171211)
   U238
     (n,gamma)                            2.72639e-07 +/- 3.0825e-10
 Incoming Energy [718.7298076171211, 871.7742570061787)
   U238
     (n,gamma)                            1.63409e-07 +/- 1.89986e-10
 Incoming Energy [871.7742570061787, 1057.4075920106193)
   U238
     (n,gamma)                            1.89894e-07 +/- 2.04918e-10
 Incoming Energy [1057.4075920106193, 1282.5692048781955)
   U238
     (n,gamma)                            1.94332e-07 +/- 1.8753e-10
 Incoming Energy [1282.5692048781955, 1555.6761439304755)
   U238
     (n,gamma)                            1.05153e-07 +/- 1.08895e-10
 Incoming Energy [1555.6761439304755, 1886.937761790582)
   U238
     (n,gamma)                            1.32644e-07 +/- 1.17718e-10
 Incoming Energy [1886.937761790582, 2288.7373639833754)
   U238
     (n,gamma)                            1.30144e-07 +/- 9.81953e-11
 Incoming Energy [2288.7373639833754, 2776.0951247924218)
   U238
     (n,gamma)                            1.13707e-07 +/- 8.54838e-11
 Incoming Energy [2776.0951247924218, 3367.229575211429)
   U238
     (n,gamma)                            1.04798e-07 +/- 6.69586e-11
 Incoming Energy [3367.229575211429, 4084.238652674526)
   U238
     (n,gamma)                            8.66529e-08 +/- 5.84631e-11
 Incoming Energy [4084.238652674526, 4953.925771738701)
   U238
     (n,gamma)                            7.79462e-08 +/- 4.3866e-11
 Incoming Energy [4953.925771738701, 6008.801796101249)
   U238
     (n,gamma)                            7.76928e-08 +/- 4.07866e-11
 Incoming Energy [6008.801796101249, 7288.300367923659)
   U238
     (n,gamma)                            7.69891e-08 +/- 4.64196e-11
 Incoming Energy [7288.300367923659, 8840.252026209613)
   U238
     (n,gamma)                            6.39482e-08 +/- 3.36741e-11
 Incoming Energy [8840.252026209613, 10722.672220103253)
   U238
     (n,gamma)                            6.80297e-08 +/- 2.87422e-11
 Incoming Energy [10722.672220103253, 13005.930057072286)
   U238
     (n,gamma)                            6.19732e-08 +/- 2.90417e-11
 Incoming Energy [13005.930057072286, 15775.378858669226)
   U238
     (n,gamma)                            6.12494e-08 +/- 2.65315e-11
 Incoming Energy [15775.378858669226, 19134.54685997042)
   U238
     (n,gamma)                            5.3958e-08 +/- 2.12953e-11
 Incoming Energy [19134.54685997042, 23209.00732822658)
   U238
     (n,gamma)                            5.39737e-08 +/- 1.80203e-11
 Incoming Energy [23209.00732822658, 28151.072774477383)
   U238
     (n,gamma)                            3.34603e-08 +/- 1.19402e-11
 Incoming Energy [28151.072774477383, 34145.48873833608)
   U238
     (n,gamma)                            3.91485e-08 +/- 1.38749e-11
 Incoming Energy [34145.48873833608, 41416.33999244574)
   U238
     (n,gamma)                            4.10868e-08 +/- 1.37115e-11
 Incoming Energy [41416.33999244574, 50235.42733608695)
   U238
     (n,gamma)                            2.28597e-08 +/- 7.70608e-12
 Incoming Energy [50235.42733608695, 60932.42812135442)
   U238
     (n,gamma)                            2.6209e-08 +/- 9.23211e-12
 Incoming Energy [60932.42812135442, 73907.22033525791)
   U238
     (n,gamma)                            2.57687e-08 +/- 8.33149e-12
 Incoming Energy [73907.22033525791, 89644.83093970215)
   U238
     (n,gamma)                            1.79604e-08 +/- 7.09956e-12
 Incoming Energy [89644.83093970215, 108733.56727196579)
   U238
     (n,gamma)                            5.70415e-09 +/- 2.04645e-12
 Incoming Energy [108733.56727196579, 131887.00929827886)
   U238
     (n,gamma)                            9.82929e-09 +/- 3.80015e-12
 Incoming Energy [131887.00929827886, 159970.6848404753)
   U238
     (n,gamma)                            1.07202e-08 +/- 4.57801e-12
 Incoming Energy [159970.6848404753, 194034.42495579197)
   U238
     (n,gamma)                            8.632e-09 +/- 3.86e-12
 Incoming Energy [194034.42495579197, 235351.60898679146)
   U238
     (n,gamma)                            5.18563e-09 +/- 2.6988e-12
 Incoming Energy [235351.60898679146, 285466.7663497939)
   U238
     (n,gamma)                            2.28122e-09 +/- 1.18128e-12
 Incoming Energy [285466.7663497939, 346253.3145238925)
   U238
     (n,gamma)                            3.15269e-09 +/- 1.63835e-12
 Incoming Energy [346253.3145238925, 419983.59161666525)
   U238
     (n,gamma)                            3.8793e-09 +/- 1.79774e-12
 Incoming Energy [419983.59161666525, 509413.80148163857)
   U238
     (n,gamma)                            6.19029e-09 +/- 2.36801e-12
 Incoming Energy [509413.80148163857, 617887.0468273731)
   U238
     (n,gamma)                            7.89046e-09 +/- 2.98503e-12
 Incoming Energy [617887.0468273731, 749458.3019278748)
   U238
     (n,gamma)                            9.61692e-09 +/- 4.06411e-12
 Incoming Energy [749458.3019278748, 909045.9966957977)
   U238
     (n,gamma)                            9.3634e-09 +/- 3.98391e-12
 Incoming Energy [909045.9966957977, 1102615.8786725726)
   U238
     (n,gamma)                            8.95218e-09 +/- 4.18419e-12
 Incoming Energy [1102615.8786725726, 1337404.0261108242)
   U238
     (n,gamma)                            6.32535e-09 +/- 3.08969e-12
 Incoming Energy [1337404.0261108242, 1622187.3488805385)
   U238
     (n,gamma)                            5.13528e-09 +/- 2.88131e-12
 Incoming Energy [1622187.3488805385, 1967611.6891321556)
   U238
     (n,gamma)                            3.85177e-09 +/- 1.98373e-12
 Incoming Energy [1967611.6891321556, 2386589.786858588)
   U238
     (n,gamma)                            2.45379e-09 +/- 1.27352e-12
 Incoming Energy [2386589.786858588, 2894783.987205286)
   U238
     (n,gamma)                            1.35298e-09 +/- 8.35634e-13
 Incoming Energy [2894783.987205286, 3511191.7342151417)
   U238
     (n,gamma)                            7.51066e-10 +/- 4.75464e-13
 Incoming Energy [3511191.7342151417, 4258855.738083239)
   U238
     (n,gamma)                            3.4648e-10 +/- 2.59417e-13
 Incoming Energy [4258855.738083239, 5165725.3635734385)
   U238
     (n,gamma)                            1.31955e-10 +/- 1.03146e-13
 Incoming Energy [5165725.3635734385, 6265701.440236088)
   U238
     (n,gamma)                            5.29695e-11 +/- 4.23621e-14
 Incoming Energy [6265701.440236088, 7599903.551786749)
   U238
     (n,gamma)                            2.30865e-11 +/- 2.09396e-14
 Incoming Energy [7599903.551786749, 9218207.178777484)
   U238
     (n,gamma)                            2.3222e-11 +/- 2.00554e-14
 Incoming Energy [9218207.178777484, 11181108.156416964)
   U238
     (n,gamma)                            4.64589e-11 +/- 3.88561e-14
 Incoming Energy [11181108.156416964, 13561984.145172274)
   U238
     (n,gamma)                            1.32963e-10 +/- 6.17358e-14
 Incoming Energy [13561984.145172274, 16449837.653018864)
   U238
     (n,gamma)                            1.97903e-10 +/- 5.14513e-14
 Incoming Energy [16449837.653018864, 19952623.149688788)
   U238
     (n,gamma)                            0 +/- 0
