 ================>     TALLY 1: U238(N,GAMMA) TO U239     <=================

 Incoming Energy [0.1, 0.1212937390055467)
   U238
     (n,gamma)                            0 +/- 0
 Incoming Energy [0.1212937390055467, 0.1471217112194568)
   U238
     (n,gamma)                            0 +/- 0
 Incoming Energy [0.1471217112194568, 0.1784494244270221)
   U238
     (n,gamma)                            0 +/- 0
 Incoming Energy [0.1784494244270221, 0.21644797912141248)
   U238
     (n,gamma)                            8.81362e-13 +/- 5.89645e-13
 Incoming Energy [0.21644797912141248, 0.2625378468783063)
   U238
     (n,gamma)                            1.13018e-12 +/- 5.73923e-13
 Incoming Energy [0.2625378468783063, 0.31844197078335473)
   U238
     (n,gamma)                            8.92385e-13 +/- 3.89598e-13
 Incoming Energy [0.31844197078335473, 0.38625017292608155)
   U238
     (n,gamma)                            2.87024e-12 +/- 1.01707e-12
 Incoming Energy [0.38625017292608155, 0.4684972766574341)
   U238
     (n,gamma)                            4.78243e-12 +/- 1.07019e-12
 Incoming Energy [0.4684972766574341, 0.5682578639969622)
   U238
     (n,gamma)                            9.99163e-12 +/- 1.57231e-12
 Incoming Energy [0.5682578639969622, 0.6892612104349699)
   U238
     (n,gamma)                            2.39245e-11 +/- 2.55698e-12
 Incoming Energy [0.6892612104349699, 0.8360306936514645)
   U238
     (n,gamma)                            5.71788e-11 +/- 4.9998e-12
 Incoming Energy [0.8360306936514645, 1.0140528875638695)
   U238
     (n,gamma)                            1.14106e-10 +/- 6.67429e-12
 Incoming Energy [1.0140528875638695, 1.2299826628199295)
   U238
     (n,gamma)                            2.21051e-10 +/- 8.69302e-12
 Incoming Energy [1.2299826628199295, 1.4918919608542789)
   U238
     (n,gamma)                            4.05682e-10 +/- 1.1961e-11
 Incoming Energy [1.4918919608542789, 1.809571541243322)
   U238
     (n,gamma)                            7.87865e-10 +/- 1.58686e-11
 Incoming Energy [1.809571541243322, 2.1948969823543236)
   U238
     (n,gamma)                            1.50681e-09 +/- 2.41137e-11
 Incoming Energy [2.1948969823543236, 2.6622726172174738)
   U238
     (n,gamma)                            2.85589e-09 +/- 3.13692e-11
 Incoming Energy [2.6622726172174738, 3.2291699999439)
   U238
     (n,gamma)                            5.55901e-09 +/- 4.82023e-11
 Incoming Energy [3.2291699999439, 3.916781031777367)
   U238
     (n,gamma)                            1.15821e-08 +/- 7.46998e-11
 Incoming Energy [3.916781031777367, 4.750810162102798)
   U238
     (n,gamma)                            3.2531e-08 +/- 1.91165e-10
 Incoming Energy [4.750810162102798, 5.762435278669961)
   U238
     (n,gamma)                            1.16095e-07 +/- 4.50005e-10
 Incoming Energy [5.762435278669961, 6.98947320727349)
   U238
     (n,gamma)                            5.47922e-05 +/- 3.60455e-07
 Incoming Energy [6.98947320727349, 8.477793389892922)
   U238
     (n,gamma)                            6.65894e-07 +/- 2.84088e-09
 Incoming Energy [8.477793389892922, 10.283032587766215)
   U238
     (n,gamma)                            1.42766e-07 +/- 4.68001e-10
 Incoming Energy [10.283032587766215, 12.472674708860467)
   U238
     (n,gamma)                            1.07163e-07 +/- 3.09317e-10
 Incoming Energy [12.472674708860467, 15.128573508376046)
   U238
     (n,gamma)                            9.61037e-08 +/- 1.94211e-10
 Incoming Energy [15.128573508376046, 18.35001246651192)
   U238
     (n,gamma)                            2.86934e-07 +/- 4.54216e-10
 Incoming Energy [18.35001246651192, 22.257416228616254)
   U238
     (n,gamma)                            0.000203182 +/- 7.0754e-07
 Incoming Energy [22.257416228616254, 26.996852349715994)
   U238
     (n,gamma)                            7.14499e-07 +/- 1.11851e-09
 Incoming Energy [26.996852349715994, 32.745491628777316)
   U238
     (n,gamma)                            4.71102e-07 +/- 6.13313e-10
 Incoming Energy [32.745491628777316, 39.718231152292304)
   U238
     (n,gamma)                            0.000246467 +/- 8.11271e-07
 Incoming Energy [39.718231152292304, 48.175727631481166)
   U238
     (n,gamma)                            6.08914e-07 +/- 6.98329e-10
 Incoming Energy [48.175727631481166, 58.43414133735181)
   U238
     (n,gamma)                            2.02905e-07 +/- 1.76817e-10
 Incoming Energy [58.43414133735181, 70.87695488385978)
   U238
     (n,gamma)                            0.000116567 +/- 3.14599e-07
 Incoming Energy [70.87695488385978, 85.96930867190797)
   U238
     (n,gamma)                            1.37172e-05 +/- 3.59225e-08
 Incoming Energy [85.96930867190797, 104.27538888537687)
   U238
     (n,gamma)                            9.88346e-05 +/- 2.25259e-07
 Incoming Energy [104.27538888537687, 126.47951804164788)
   U238
     (n,gamma)                            5.63193e-05 +/- 1.51643e-07
 Incoming Energy [126.47951804164788, 153.4117365089097)
   U238
     (n,gamma)                            3.48304e-06 +/- 7.92359e-09
 Incoming Energy [153.4117365089097, 186.07883128499395)
   U238
     (n,gamma)                            9.31794e-06 +/- 2.19365e-08
 Incoming Energy [186.07883128499395, 225.70197196339214)
   U238
     (n,gamma)                            7.64579e-05 +/- 1.42312e-07
 Incoming Energy [225.70197196339214, 273.76236080364936)
   U238
     (n,gamma)                            3.14084e-05 +/- 6.07534e-08
 Incoming Energy [273.76236080364936, 332.0566034086015)
   U238
     (n,gamma)                            1.99479e-05 +/- 4.36747e-08
 Incoming Energy [332.0566034086015, 402.7638698891124)
   U238
     (n,gamma)                            2.0175e-05 +/- 4.39482e-08
 Incoming Energy [402.7638698891124, 488.52735715193967)
   U238
     (n,gamma)                            1.72957e-05 +/- 2.67237e-08
 Incoming Energy [488.52735715193967, 592.5530975545687)
   U238
     (n,gamma)                            2.0968e-05 +/- 3.42538e-08
 Incoming Energy [592.5530975545687, 718.7298076171211)
   U238
     (n,gamma)                            2.72452e-05 +/- 3.18319e-08
 Incoming Energy [718.7298076171211, 871.7742570061787)
   U238
     (n,gamma)                            1.63415e-05 +/- 1.88008e-08
 Incoming Energy [871.7742570061787, 1057.4075920106193)
   U238
     (n,gamma)                            1.89711e-05 +/- 2.07508e-08
 Incoming Energy [1057.4075920106193, 1282.5692048781955)
   U238
     (n,gamma)                            1.94311e-05 +/- 1.854e-08
 Incoming Energy [1282.5692048781955, 1555.6761439304755)
   U238
     (n,gamma)                            1.05152e-05 +/- 1.07847e-08
 Incoming Energy [1555.6761439304755, 1886.937761790582)
   U238
     (n,gamma)                            1.32558e-05 +/- 1.18811e-08
 Incoming Energy [1886.937761790582, 2288.7373639833754)
   U238
     (n,gamma)                            1.30097e-05 +/- 9.63654e-09
 Incoming Energy [2288.7373639833754, 2776.0951247924218)
   U238
     (n,gamma)                            1.13683e-05 +/- 8.47355e-09
 Incoming Energy [2776.0951247924218, 3367.229575211429)
   U238
     (n,gamma)                            1.0481e-05 +/- 6.59683e-09
 Incoming Energy [3367.229575211429, 4084.238652674526)
   U238
     (n,gamma)                            8.66616e-06 +/- 6.01521e-09
 Incoming Energy [4084.238652674526, 4953.925771738701)
   U238
     (n,gamma)                            7.79612e-06 +/- 4.39124e-09
 Incoming Energy [4953.925771738701, 6008.801796101249)
   U238
     (n,gamma)                            7.77139e-06 +/- 4.08172e-09
 Incoming Energy [6008.801796101249, 7288.300367923659)
   U238
     (n,gamma)                            7.70059e-06 +/- 4.70491e-09
 Incoming Energy [7288.300367923659, 8840.252026209613)
   U238
     (n,gamma)                            6.39679e-06 +/- 3.36961e-09
 Incoming Energy [8840.252026209613, 10722.672220103253)
   U238
     (n,gamma)                            6.80507e-06 +/- 2.91726e-09
 Incoming Energy [10722.672220103253, 13005.930057072286)
   U238
     (n,gamma)                            6.19967e-06 +/- 2.90565e-09
 Incoming Energy [13005.930057072286, 15775.378858669226)
   U238
     (n,gamma)                            6.12715e-06 +/- 2.65894e-09
 Incoming Energy [15775.378858669226, 19134.54685997042)
   U238
     (n,gamma)                            5.39761e-06 +/- 2.1321e-09
 Incoming Energy [19134.54685997042, 23209.00732822658)
   U238
     (n,gamma)                            5.39936e-06 +/- 1.79507e-09
 Incoming Energy [23209.00732822658, 28151.072774477383)
   U238
     (n,gamma)                            3.3473e-06 +/- 1.21016e-09
 Incoming Energy [28151.072774477383, 34145.48873833608)
   U238
     (n,gamma)                            3.9164e-06 +/- 1.38459e-09
 Incoming Energy [34145.48873833608, 41416.33999244574)
   U238
     (n,gamma)                            4.11012e-06 +/- 1.37679e-09
 Incoming Energy [41416.33999244574, 50235.42733608695)
   U238
     (n,gamma)                            2.28661e-06 +/- 7.67628e-10
 Incoming Energy [50235.42733608695, 60932.42812135442)
   U238
     (n,gamma)                            2.62191e-06 +/- 9.10314e-10
 Incoming Energy [60932.42812135442, 73907.22033525791)
   U238
     (n,gamma)                            2.57783e-06 +/- 8.1603e-10
 Incoming Energy [73907.22033525791, 89644.83093970215)
   U238
     (n,gamma)                            1.79665e-06 +/- 7.12306e-10
 Incoming Energy [89644.83093970215, 108733.56727196579)
   U238
     (n,gamma)                            5.7059e-07 +/- 2.04464e-10
 Incoming Energy [108733.56727196579, 131887.00929827886)
   U238
     (n,gamma)                            9.83256e-07 +/- 3.82871e-10
 Incoming Energy [131887.00929827886, 159970.6848404753)
   U238
     (n,gamma)                            1.07232e-06 +/- 4.60538e-10
 Incoming Energy [159970.6848404753, 194034.42495579197)
   U238
     (n,gamma)                            8.63462e-07 +/- 3.89013e-10
 Incoming Energy [194034.42495579197, 235351.60898679146)
   U238
     (n,gamma)                            5.18738e-07 +/- 2.71295e-10
 Incoming Energy [235351.60898679146, 285466.7663497939)
   U238
     (n,gamma)                            2.28193e-07 +/- 1.1828e-10
 Incoming Energy [285466.7663497939, 346253.3145238925)
   U238
     (n,gamma)                            3.15348e-07 +/- 1.63475e-10
 Incoming Energy [346253.3145238925, 419983.59161666525)
   U238
     (n,gamma)                            3.88017e-07 +/- 1.79328e-10
 Incoming Energy [419983.59161666525, 509413.80148163857)
   U238
     (n,gamma)                            6.19214e-07 +/- 2.3853e-10
 Incoming Energy [509413.80148163857, 617887.0468273731)
   U238
     (n,gamma)                            7.89282e-07 +/- 2.97339e-10
 Incoming Energy [617887.0468273731, 749458.3019278748)
   U238
     (n,gamma)                            9.61994e-07 +/- 4.03141e-10
 Incoming Energy [749458.3019278748, 909045.9966957977)
   U238
     (n,gamma)                            9.365e-07 +/- 4.0229e-10
 Incoming Energy [909045.9966957977, 1102615.8786725726)
   U238
     (n,gamma)                            8.95416e-07 +/- 4.19239e-10
 Incoming Energy [1102615.8786725726, 1337404.0261108242)
   U238
     (n,gamma)                            6.32648e-07 +/- 3.08502e-10
 Incoming Energy [1337404.0261108242, 1622187.3488805385)
   U238
     (n,gamma)                            5.13567e-07 +/- 2.87737e-10
 Incoming Energy [1622187.3488805385, 1967611.6891321556)
   U238
     (n,gamma)                            3.85188e-07 +/- 1.97027e-10
 Incoming Energy [1967611.6891321556, 2386589.786858588)
   U238
     (n,gamma)                            2.45405e-07 +/- 1.27368e-10
 Incoming Energy [2386589.786858588, 2894783.987205286)
   U238
     (n,gamma)                            1.35307e-07 +/- 8.47485e-11
 Incoming Energy [2894783.987205286, 3511191.7342151417)
   U238
     (n,gamma)                            7.51054e-08 +/- 4.78056e-11
 Incoming Energy [3511191.7342151417, 4258855.738083239)
   U238
     (n,gamma)                            3.46488e-08 +/- 2.59989e-11
 Incoming Energy [4258855.738083239, 5165725.3635734385)
   U238
     (n,gamma)                            1.31955e-08 +/- 1.03301e-11
 Incoming Energy [5165725.3635734385, 6265701.440236088)
   U238
     (n,gamma)                            5.29678e-09 +/- 4.20759e-12
 Incoming Energy [6265701.440236088, 7599903.551786749)
   U238
     (n,gamma)                            2.30834e-09 +/- 2.09396e-12
 Incoming Energy [7599903.551786749, 9218207.178777484)
   U238
     (n,gamma)                            2.32196e-09 +/- 1.99563e-12
 Incoming Energy [9218207.178777484, 11181108.156416964)
   U238
     (n,gamma)                            4.64528e-09 +/- 3.88302e-12
 Incoming Energy [11181108.156416964, 13561984.145172274)
   U238
     (n,gamma)                            1.32954e-08 +/- 6.16134e-12
 Incoming Energy [13561984.145172274, 16449837.653018864)
   U238
     (n,gamma)                            1.97907e-08 +/- 5.1432e-12
 Incoming Energy [16449837.653018864, 19952623.149688788)
   U238
     (n,gamma)                            0 +/- 0
