 ================>     TALLY 1: U238(N,GAMMA) TO U239     <=================

 Incoming Energy [0.1, 0.1212937390055467)
   U238
     (n,gamma)                            0 +/- 0
 Incoming Energy [0.1212937390055467, 0.1471217112194568)
   U238
     (n,gamma)                            0 +/- 0
 Incoming Energy [0.1471217112194568, 0.1784494244270221)
   U238
     (n,gamma)                            1.60479e-10 +/- 1.13452e-10
 Incoming Energy [0.1784494244270221, 0.21644797912141248)
   U238
     (n,gamma)                            1.30671e-10 +/- 9.07621e-11
 Incoming Energy [0.21644797912141248, 0.2625378468783063)
   U238
     (n,gamma)                            9.78944e-11 +/- 5.77948e-11
 Incoming Energy [0.2625378468783063, 0.31844197078335473)
   U238
     (n,gamma)                            8.64699e-11 +/- 4.15109e-11
 Incoming Energy [0.31844197078335473, 0.38625017292608155)
   U238
     (n,gamma)                            2.69631e-10 +/- 9.31545e-11
 Incoming Energy [0.38625017292608155, 0.4684972766574341)
   U238
     (n,gamma)                            4.46243e-10 +/- 1.10134e-10
 Incoming Energy [0.4684972766574341, 0.5682578639969622)
   U238
     (n,gamma)                            9.83749e-10 +/- 1.79806e-10
 Incoming Energy [0.5682578639969622, 0.6892612104349699)
   U238
     (n,gamma)                            1.58586e-09 +/- 1.84621e-10
 Incoming Energy [0.6892612104349699, 0.8360306936514645)
   U238
     (n,gamma)                            4.08071e-09 +/- 3.37709e-10
 Incoming Energy [0.8360306936514645, 1.0140528875638695)
   U238
     (n,gamma)                            8.10371e-09 +/- 5.69224e-10
 Incoming Energy [1.0140528875638695, 1.2299826628199295)
   U238
     (n,gamma)                            1.49317e-08 +/- 7.07199e-10
 Incoming Energy [1.2299826628199295, 1.4918919608542789)
   U238
     (n,gamma)                            2.71378e-08 +/- 9.63129e-10
 Incoming Energy [1.4918919608542789, 1.809571541243322)
   U238
     (n,gamma)                            5.3316e-08 +/- 1.35613e-09
 Incoming Energy [1.809571541243322, 2.1948969823543236)
   U238
     (n,gamma)                            1.04374e-07 +/- 1.86431e-09
 Incoming Energy [2.1948969823543236, 2.6622726172174738)
   U238
     (n,gamma)                            1.98456e-07 +/- 2.79483e-09
 Incoming Energy [2.6622726172174738, 3.2291699999439)
   U238
     (n,gamma)                            3.83255e-07 +/- 4.2259e-09
 Incoming Energy [3.2291699999439, 3.916781031777367)
   U238
     (n,gamma)                            7.9733e-07 +/- 6.90763e-09
 Incoming Energy [3.916781031777367, 4.750810162102798)
   U238
     (n,gamma)                            2.21402e-06 +/- 1.49564e-08
 Incoming Energy [4.750810162102798, 5.762435278669961)
   U238
     (n,gamma)                            7.96038e-06 +/- 4.60442e-08
 Incoming Energy [5.762435278669961, 6.98947320727349)
   U238
     (n,gamma)                            0.00172227 +/- 1.01661e-05
 Incoming Energy [6.98947320727349, 8.477793389892922)
   U238
     (n,gamma)                            5.34451e-05 +/- 2.66246e-07
 Incoming Energy [8.477793389892922, 10.283032587766215)
   U238
     (n,gamma)                            1.14788e-05 +/- 3.83684e-08
 Incoming Energy [10.283032587766215, 12.472674708860467)
   U238
     (n,gamma)                            8.62425e-06 +/- 2.46416e-08
 Incoming Energy [12.472674708860467, 15.128573508376046)
   U238
     (n,gamma)                            7.69258e-06 +/- 1.57489e-08
 Incoming Energy [15.128573508376046, 18.35001246651192)
   U238
     (n,gamma)                            2.29016e-05 +/- 4.59647e-08
 Incoming Energy [18.35001246651192, 22.257416228616254)
   U238
     (n,gamma)                            0.00660957 +/- 2.07343e-05
 Incoming Energy [22.257416228616254, 26.996852349715994)
   U238
     (n,gamma)                            6.29079e-05 +/- 1.02748e-07
 Incoming Energy [26.996852349715994, 32.745491628777316)
   U238
     (n,gamma)                            4.14923e-05 +/- 5.62815e-08
 Incoming Energy [32.745491628777316, 39.718231152292304)
   U238
     (n,gamma)                            0.0082123 +/- 1.95923e-05
 Incoming Energy [39.718231152292304, 48.175727631481166)
   U238
     (n,gamma)                            5.69696e-05 +/- 6.76315e-08
 Incoming Energy [48.175727631481166, 58.43414133735181)
   U238
     (n,gamma)                            1.89419e-05 +/- 1.69129e-08
 Incoming Energy [58.43414133735181, 70.87695488385978)
   U238
     (n,gamma)                            0.00601092 +/- 1.57437e-05
 Incoming Energy [70.87695488385978, 85.96930867190797)
   U238
     (n,gamma)                            0.00123349 +/- 3.1137e-06
 Incoming Energy [85.96930867190797, 104.27538888537687)
   U238
     (n,gamma)                            0.00474683 +/- 9.87469e-06
 Incoming Energy [104.27538888537687, 126.47951804164788)
   U238
     (n,gamma)                            0.00386658 +/- 8.79573e-06
 Incoming Energy [126.47951804164788, 153.4117365089097)
   U238
     (n,gamma)                            0.000338868 +/- 7.72073e-07
 Incoming Energy [153.4117365089097, 186.07883128499395)
   U238
     (n,gamma)                            0.000877506 +/- 1.93558e-06
 Incoming Energy [186.07883128499395, 225.70197196339214)
   U238
     (n,gamma)                            0.00460969 +/- 7.62684e-06
 Incoming Energy [225.70197196339214, 273.76236080364936)
   U238
     (n,gamma)                            0.00268118 +/- 5.48905e-06
 Incoming Energy [273.76236080364936, 332.0566034086015)
   U238
     (n,gamma)                            0.00181934 +/- 3.30043e-06
 Incoming Energy [332.0566034086015, 402.7638698891124)
   U238
     (n,gamma)                            0.00168023 +/- 3.09044e-06
 Incoming Energy [402.7638698891124, 488.52735715193967)
   U238
     (n,gamma)                            0.00167355 +/- 2.66573e-06
 Incoming Energy [488.52735715193967, 592.5530975545687)
   U238
     (n,gamma)                            0.00194194 +/- 2.70538e-06
 Incoming Energy [592.5530975545687, 718.7298076171211)
   U238
     (n,gamma)                            0.0025258 +/- 2.92896e-06
 Incoming Energy [718.7298076171211, 871.7742570061787)
   U238
     (n,gamma)                            0.00158425 +/- 1.66232e-06
 Incoming Energy [871.7742570061787, 1057.4075920106193)
   U238
     (n,gamma)                            0.00175119 +/- 1.63725e-06
 Incoming Energy [1057.4075920106193, 1282.5692048781955)
   U238
     (n,gamma)                            0.00188303 +/- 1.50442e-06
 Incoming Energy [1282.5692048781955, 1555.6761439304755)
   U238
     (n,gamma)                            0.0010287 +/- 9.4133e-07
 Incoming Energy [1555.6761439304755, 1886.937761790582)
   U238
     (n,gamma)                            0.00127843 +/- 1.07282e-06
 Incoming Energy [1886.937761790582, 2288.7373639833754)
   U238
     (n,gamma)                            0.00127439 +/- 8.54044e-07
 Incoming Energy [2288.7373639833754, 2776.0951247924218)
   U238
     (n,gamma)                            0.00113507 +/- 8.57357e-07
 Incoming Energy [2776.0951247924218, 3367.229575211429)
   U238
     (n,gamma)                            0.00106329 +/- 6.2306e-07
 Incoming Energy [3367.229575211429, 4084.238652674526)
   U238
     (n,gamma)                            0.000875497 +/- 5.09058e-07
 Incoming Energy [4084.238652674526, 4953.925771738701)
   U238
     (n,gamma)                            0.000797533 +/- 4.5008e-07
 Incoming Energy [4953.925771738701, 6008.801796101249)
   U238
     (n,gamma)                            0.000797451 +/- 3.83028e-07
 Incoming Energy [6008.801796101249, 7288.300367923659)
   U238
     (n,gamma)                            0.000788837 +/- 4.50256e-07
 Incoming Energy [7288.300367923659, 8840.252026209613)
   U238
     (n,gamma)                            0.000657519 +/- 2.92918e-07
 Incoming Energy [8840.252026209613, 10722.672220103253)
   U238
     (n,gamma)                            0.000701401 +/- 3.08796e-07
 Incoming Energy [10722.672220103253, 13005.930057072286)
   U238
     (n,gamma)                            0.000638693 +/- 2.88743e-07
 Incoming Energy [13005.930057072286, 15775.378858669226)
   U238
     (n,gamma)                            0.000632774 +/- 2.42801e-07
 Incoming Energy [15775.378858669226, 19134.54685997042)
   U238
     (n,gamma)                            0.000558079 +/- 2.24066e-07
 Incoming Energy [19134.54685997042, 23209.00732822658)
   U238
     (n,gamma)                            0.000557966 +/- 1.91813e-07
 Incoming Energy [23209.00732822658, 28151.072774477383)
   U238
     (n,gamma)                            0.000345661 +/- 1.17907e-07
 Incoming Energy [28151.072774477383, 34145.48873833608)
   U238
     (n,gamma)                            0.000405065 +/- 1.32638e-07
 Incoming Energy [34145.48873833608, 41416.33999244574)
   U238
     (n,gamma)                            0.000425181 +/- 1.31281e-07
 Incoming Energy [41416.33999244574, 50235.42733608695)
   U238
     (n,gamma)                            0.000236205 +/- 8.31334e-08
 Incoming Energy [50235.42733608695, 60932.42812135442)
   U238
     (n,gamma)                            0.000271317 +/- 9.99486e-08
 Incoming Energy [60932.42812135442, 73907.22033525791)
   U238
     (n,gamma)                            0.000266898 +/- 8.90353e-08
 Incoming Energy [73907.22033525791, 89644.83093970215)
   U238
     (n,gamma)                            0.000185621 +/- 6.83154e-08
 Incoming Energy [89644.83093970215, 108733.56727196579)
   U238
     (n,gamma)                            5.8774e-05 +/- 2.05472e-08
 Incoming Energy [108733.56727196579, 131887.00929827886)
   U238
     (n,gamma)                            0.000101481 +/- 4.16365e-08
 Incoming Energy [131887.00929827886, 159970.6848404753)
   U238
     (n,gamma)                            0.000110653 +/- 4.52268e-08
 Incoming Energy [159970.6848404753, 194034.42495579197)
   U238
     (n,gamma)                            8.90863e-05 +/- 3.94317e-08
 Incoming Energy [194034.42495579197, 235351.60898679146)
   U238
     (n,gamma)                            5.35311e-05 +/- 2.73243e-08
 Incoming Energy [235351.60898679146, 285466.7663497939)
   U238
     (n,gamma)                            2.35922e-05 +/- 1.1086e-08
 Incoming Energy [285466.7663497939, 346253.3145238925)
   U238
     (n,gamma)                            3.24646e-05 +/- 1.67866e-08
 Incoming Energy [346253.3145238925, 419983.59161666525)
   U238
     (n,gamma)                            3.98746e-05 +/- 1.80897e-08
 Incoming Energy [419983.59161666525, 509413.80148163857)
   U238
     (n,gamma)                            6.36531e-05 +/- 2.46435e-08
 Incoming Energy [509413.80148163857, 617887.0468273731)
   U238
     (n,gamma)                            8.11204e-05 +/- 2.90219e-08
 Incoming Energy [617887.0468273731, 749458.3019278748)
   U238
     (n,gamma)                            9.86424e-05 +/- 4.30249e-08
 Incoming Energy [749458.3019278748, 909045.9966957977)
   U238
     (n,gamma)                            9.5747e-05 +/- 4.17981e-08
 Incoming Energy [909045.9966957977, 1102615.8786725726)
   U238
     (n,gamma)                            9.12937e-05 +/- 4.07558e-08
 Incoming Energy [1102615.8786725726, 1337404.0261108242)
   U238
     (n,gamma)                            6.43237e-05 +/- 2.97955e-08
 Incoming Energy [1337404.0261108242, 1622187.3488805385)
   U238
     (n,gamma)                            5.20445e-05 +/- 2.82489e-08
 Incoming Energy [1622187.3488805385, 1967611.6891321556)
   U238
     (n,gamma)                            3.89144e-05 +/- 2.06829e-08
 Incoming Energy [1967611.6891321556, 2386589.786858588)
   U238
     (n,gamma)                            2.47448e-05 +/- 1.33245e-08
 Incoming Energy [2386589.786858588, 2894783.987205286)
   U238
     (n,gamma)                            1.36241e-05 +/- 8.36141e-09
 Incoming Energy [2894783.987205286, 3511191.7342151417)
   U238
     (n,gamma)                            7.54724e-06 +/- 5.2392e-09
 Incoming Energy [3511191.7342151417, 4258855.738083239)
   U238
     (n,gamma)                            3.47517e-06 +/- 2.66216e-09
 Incoming Energy [4258855.738083239, 5165725.3635734385)
   U238
     (n,gamma)                            1.31838e-06 +/- 1.01157e-09
 Incoming Energy [5165725.3635734385, 6265701.440236088)
   U238
     (n,gamma)                            5.27613e-07 +/- 4.10793e-10
 Incoming Energy [6265701.440236088, 7599903.551786749)
   U238
     (n,gamma)                            2.29236e-07 +/- 2.04049e-10
 Incoming Energy [7599903.551786749, 9218207.178777484)
   U238
     (n,gamma)                            2.29606e-07 +/- 2.09985e-10
 Incoming Energy [9218207.178777484, 11181108.156416964)
   U238
     (n,gamma)                            4.59278e-07 +/- 3.87659e-10
 Incoming Energy [11181108.156416964, 13561984.145172274)
   U238
     (n,gamma)                            1.32018e-06 +/- 6.12028e-10
 Incoming Energy [13561984.145172274, 16449837.653018864)
   U238
     (n,gamma)                            1.98357e-06 +/- 5.15728e-10
 Incoming Energy [16449837.653018864, 19952623.149688788)
   U238
     (n,gamma)                            7.17018e-13 +/- 2.69377e-13
