 ================>     TALLY 1: U238(N,GAMMA) TO U239     <=================

 Incoming Energy [0.1, 0.1212937390055467)
   U238
     (n,gamma)                            0 +/- 0
 Incoming Energy [0.1212937390055467, 0.1471217112194568)
   U238
     (n,gamma)                            0 +/- 0
 Incoming Energy [0.1471217112194568, 0.1784494244270221)
   U238
     (n,gamma)                            3.54544e-11 +/- 2.55685e-11
 Incoming Energy [0.1784494244270221, 0.21644797912141248)
   U238
     (n,gamma)                            8.19773e-11 +/- 3.45694e-11
 Incoming Energy [0.21644797912141248, 0.2625378468783063)
   U238
     (n,gamma)                            3.83606e-11 +/- 1.69272e-11
 Incoming Energy [0.2625378468783063, 0.31844197078335473)
   U238
     (n,gamma)                            1.45309e-10 +/- 4.36639e-11
 Incoming Energy [0.31844197078335473, 0.38625017292608155)
   U238
     (n,gamma)                            3.73717e-10 +/- 6.62073e-11
 Incoming Energy [0.38625017292608155, 0.4684972766574341)
   U238
     (n,gamma)                            7.68504e-10 +/- 1.02965e-10
 Incoming Energy [0.4684972766574341, 0.5682578639969622)
   U238
     (n,gamma)                            1.58541e-09 +/- 1.59126e-10
 Incoming Energy [0.5682578639969622, 0.6892612104349699)
   U238
     (n,gamma)                            3.12728e-09 +/- 2.02016e-10
 Incoming Energy [0.6892612104349699, 0.8360306936514645)
   U238
     (n,gamma)                            5.95364e-09 +/- 2.57063e-10
 Incoming Energy [0.8360306936514645, 1.0140528875638695)
   U238
     (n,gamma)                            1.13793e-08 +/- 3.85817e-10
 Incoming Energy [1.0140528875638695, 1.2299826628199295)
   U238
     (n,gamma)                            2.36586e-08 +/- 5.07908e-10
 Incoming Energy [1.2299826628199295, 1.4918919608542789)
   U238
     (n,gamma)                            4.66595e-08 +/- 8.67492e-10
 Incoming Energy [1.4918919608542789, 1.809571541243322)
   U238
     (n,gamma)                            8.60967e-08 +/- 9.95242e-10
 Incoming Energy [1.809571541243322, 2.1948969823543236)
   U238
     (n,gamma)                            1.64904e-07 +/- 1.50669e-09
 Incoming Energy [2.1948969823543236, 2.6622726172174738)
   U238
     (n,gamma)                            3.12512e-07 +/- 2.10635e-09
 Incoming Energy [2.6622726172174738, 3.2291699999439)
   U238
     (n,gamma)                            6.08023e-07 +/- 2.96784e-09
 Incoming Energy [3.2291699999439, 3.916781031777367)
   U238
     (n,gamma)                            1.24776e-06 +/- 4.76005e-09
 Incoming Energy [3.916781031777367, 4.750810162102798)
   U238
     (n,gamma)                            3.51369e-06 +/- 1.22166e-08
 Incoming Energy [4.750810162102798, 5.762435278669961)
   U238
     (n,gamma)                            1.25179e-05 +/- 3.53309e-08
 Incoming Energy [5.762435278669961, 6.98947320727349)
   U238
     (n,gamma)                            0.00201143 +/- 5.34711e-06
 Incoming Energy [6.98947320727349, 8.477793389892922)
   U238
     (n,gamma)                            8.81376e-05 +/- 2.07009e-07
 Incoming Energy [8.477793389892922, 10.283032587766215)
   U238
     (n,gamma)                            1.90697e-05 +/- 3.13388e-08
 Incoming Energy [10.283032587766215, 12.472674708860467)
   U238
     (n,gamma)                            1.42702e-05 +/- 2.08769e-08
 Incoming Energy [12.472674708860467, 15.128573508376046)
   U238
     (n,gamma)                            1.28257e-05 +/- 1.22591e-08
 Incoming Energy [15.128573508376046, 18.35001246651192)
   U238
     (n,gamma)                            3.81263e-05 +/- 3.27781e-08
 Incoming Energy [18.35001246651192, 22.257416228616254)
   U238
     (n,gamma)                            0.00802549 +/- 1.06979e-05
 Incoming Energy [22.257416228616254, 26.996852349715994)
   U238
     (n,gamma)                            0.000107733 +/- 7.14467e-08
 Incoming Energy [26.996852349715994, 32.745491628777316)
   U238
     (n,gamma)                            7.08341e-05 +/- 4.26155e-08
 Incoming Energy [32.745491628777316, 39.718231152292304)
   U238
     (n,gamma)                            0.0104774 +/- 1.05019e-05
 Incoming Energy [39.718231152292304, 48.175727631481166)
   U238
     (n,gamma)                            9.91704e-05 +/- 4.95423e-08
 Incoming Energy [48.175727631481166, 58.43414133735181)
   U238
     (n,gamma)                            3.29496e-05 +/- 1.31372e-08
 Incoming Energy [58.43414133735181, 70.87695488385978)
   U238
     (n,gamma)                            0.00811986 +/- 7.89319e-06
 Incoming Energy [70.87695488385978, 85.96930867190797)
   U238
     (n,gamma)                            0.00206902 +/- 2.40149e-06
 Incoming Energy [85.96930867190797, 104.27538888537687)
   U238
     (n,gamma)                            0.00643154 +/- 5.68198e-06
 Incoming Energy [104.27538888537687, 126.47951804164788)
   U238
     (n,gamma)                            0.00567068 +/- 5.50954e-06
 Incoming Energy [126.47951804164788, 153.4117365089097)
   U238
     (n,gamma)                            0.00059445 +/- 6.40334e-07
 Incoming Energy [153.4117365089097, 186.07883128499395)
   U238
     (n,gamma)                            0.00151696 +/- 1.80967e-06
 Incoming Energy [186.07883128499395, 225.70197196339214)
   U238
     (n,gamma)                            0.00668769 +/- 4.52092e-06
 Incoming Energy [225.70197196339214, 273.76236080364936)
   U238
     (n,gamma)                            0.00434558 +/- 4.13322e-06
 Incoming Energy [273.76236080364936, 332.0566034086015)
   U238
     (n,gamma)                            0.00305322 +/- 2.59098e-06
 Incoming Energy [332.0566034086015, 402.7638698891124)
   U238
     (n,gamma)                            0.00270301 +/- 1.90845e-06
 Incoming Energy [402.7638698891124, 488.52735715193967)
   U238
     (n,gamma)                            0.00293403 +/- 1.87857e-06
 Incoming Energy [488.52735715193967, 592.5530975545687)
   U238
     (n,gamma)                            0.00330914 +/- 2.13883e-06
 Incoming Energy [592.5530975545687, 718.7298076171211)
   U238
     (n,gamma)                            0.00430017 +/- 1.99472e-06
 Incoming Energy [718.7298076171211, 871.7742570061787)
   U238
     (n,gamma)                            0.00278111 +/- 1.38134e-06
 Incoming Energy [871.7742570061787, 1057.4075920106193)
   U238
     (n,gamma)                            0.00298339 +/- 1.25887e-06
 Incoming Energy [1057.4075920106193, 1282.5692048781955)
   U238
     (n,gamma)                            0.003311 +/- 1.1952e-06
 Incoming Energy [1282.5692048781955, 1555.6761439304755)
   U238
     (n,gamma)                            0.00181522 +/- 6.89072e-07
 Incoming Energy [1555.6761439304755, 1886.937761790582)
   U238
     (n,gamma)                            0.00224076 +/- 7.61209e-07
 Incoming Energy [1886.937761790582, 2288.7373639833754)
   U238
     (n,gamma)                            0.00225761 +/- 7.40795e-07
 Incoming Energy [2288.7373639833754, 2776.0951247924218)
   U238
     (n,gamma)                            0.0020325 +/- 6.06559e-07
 Incoming Energy [2776.0951247924218, 3367.229575211429)
   U238
     (n,gamma)                            0.00192345 +/- 5.26788e-07
 Incoming Energy [3367.229575211429, 4084.238652674526)
   U238
     (n,gamma)                            0.00157911 +/- 4.22147e-07
 Incoming Energy [4084.238652674526, 4953.925771738701)
   U238
     (n,gamma)                            0.00145449 +/- 3.75982e-07
 Incoming Energy [4953.925771738701, 6008.801796101249)
   U238
     (n,gamma)                            0.0014559 +/- 3.52093e-07
 Incoming Energy [6008.801796101249, 7288.300367923659)
   U238
     (n,gamma)                            0.00143983 +/- 3.23122e-07
 Incoming Energy [7288.300367923659, 8840.252026209613)
   U238
     (n,gamma)                            0.00120351 +/- 2.7567e-07
 Incoming Energy [8840.252026209613, 10722.672220103253)
   U238
     (n,gamma)                            0.00128448 +/- 2.50266e-07
 Incoming Energy [10722.672220103253, 13005.930057072286)
   U238
     (n,gamma)                            0.00117173 +/- 2.15241e-07
 Incoming Energy [13005.930057072286, 15775.378858669226)
   U238
     (n,gamma)                            0.00116124 +/- 2.12432e-07
 Incoming Energy [15775.378858669226, 19134.54685997042)
   U238
     (n,gamma)                            0.00102468 +/- 1.74615e-07
 Incoming Energy [19134.54685997042, 23209.00732822658)
   U238
     (n,gamma)                            0.00102499 +/- 1.52624e-07
 Incoming Energy [23209.00732822658, 28151.072774477383)
   U238
     (n,gamma)                            0.000634714 +/- 9.29279e-08
 Incoming Energy [28151.072774477383, 34145.48873833608)
   U238
     (n,gamma)                            0.000744855 +/- 1.22042e-07
 Incoming Energy [34145.48873833608, 41416.33999244574)
   U238
     (n,gamma)                            0.000781249 +/- 1.0972e-07
 Incoming Energy [41416.33999244574, 50235.42733608695)
   U238
     (n,gamma)                            0.000433534 +/- 6.74703e-08
 Incoming Energy [50235.42733608695, 60932.42812135442)
   U238
     (n,gamma)                            0.000498903 +/- 7.11478e-08
 Incoming Energy [60932.42812135442, 73907.22033525791)
   U238
     (n,gamma)                            0.000490953 +/- 7.40545e-08
 Incoming Energy [73907.22033525791, 89644.83093970215)
   U238
     (n,gamma)                            0.000340584 +/- 5.2899e-08
 Incoming Energy [89644.83093970215, 108733.56727196579)
   U238
     (n,gamma)                            0.000107693 +/- 1.6573e-08
 Incoming Energy [108733.56727196579, 131887.00929827886)
   U238
     (n,gamma)                            0.000186128 +/- 3.29468e-08
 Incoming Energy [131887.00929827886, 159970.6848404753)
   U238
     (n,gamma)                            0.000202883 +/- 3.68542e-08
 Incoming Energy [159970.6848404753, 194034.42495579197)
   U238
     (n,gamma)                            0.000163357 +/- 3.40811e-08
 Incoming Energy [194034.42495579197, 235351.60898679146)
   U238
     (n,gamma)                            9.80913e-05 +/- 2.3146e-08
 Incoming Energy [235351.60898679146, 285466.7663497939)
   U238
     (n,gamma)                            4.33341e-05 +/- 9.88055e-09
 Incoming Energy [285466.7663497939, 346253.3145238925)
   U238
     (n,gamma)                            5.94454e-05 +/- 1.18725e-08
 Incoming Energy [346253.3145238925, 419983.59161666525)
   U238
     (n,gamma)                            7.28907e-05 +/- 1.36696e-08
 Incoming Energy [419983.59161666525, 509413.80148163857)
   U238
     (n,gamma)                            0.000116334 +/- 2.09828e-08
 Incoming Energy [509413.80148163857, 617887.0468273731)
   U238
     (n,gamma)                            0.000148267 +/- 2.41593e-08
 Incoming Energy [617887.0468273731, 749458.3019278748)
   U238
     (n,gamma)                            0.000179989 +/- 3.21978e-08
 Incoming Energy [749458.3019278748, 909045.9966957977)
   U238
     (n,gamma)                            0.000174341 +/- 3.09221e-08
 Incoming Energy [909045.9966957977, 1102615.8786725726)
   U238
     (n,gamma)                            0.000165976 +/- 3.0715e-08
 Incoming Energy [1102615.8786725726, 1337404.0261108242)
   U238
     (n,gamma)                            0.00011659 +/- 2.71045e-08
 Incoming Energy [1337404.0261108242, 1622187.3488805385)
   U238
     (n,gamma)                            9.40654e-05 +/- 2.27661e-08
 Incoming Energy [1622187.3488805385, 1967611.6891321556)
   U238
     (n,gamma)                            7.01611e-05 +/- 1.87939e-08
 Incoming Energy [1967611.6891321556, 2386589.786858588)
   U238
     (n,gamma)                            4.45065e-05 +/- 1.15046e-08
 Incoming Energy [2386589.786858588, 2894783.987205286)
   U238
     (n,gamma)                            2.45009e-05 +/- 7.14294e-09
 Incoming Energy [2894783.987205286, 3511191.7342151417)
   U238
     (n,gamma)                            1.35588e-05 +/- 4.48923e-09
 Incoming Energy [3511191.7342151417, 4258855.738083239)
   U238
     (n,gamma)                            6.22797e-06 +/- 2.02649e-09
 Incoming Energy [4258855.738083239, 5165725.3635734385)
   U238
     (n,gamma)                            2.35905e-06 +/- 8.84532e-10
 Incoming Energy [5165725.3635734385, 6265701.440236088)
   U238
     (n,gamma)                            9.41596e-07 +/- 3.29768e-10
 Incoming Energy [6265701.440236088, 7599903.551786749)
   U238
     (n,gamma)                            4.07446e-07 +/- 1.61214e-10
 Incoming Energy [7599903.551786749, 9218207.178777484)
   U238
     (n,gamma)                            4.06708e-07 +/- 1.4522e-10
 Incoming Energy [9218207.178777484, 11181108.156416964)
   U238
     (n,gamma)                            8.15325e-07 +/- 3.01396e-10
 Incoming Energy [11181108.156416964, 13561984.145172274)
   U238
     (n,gamma)                            2.3502e-06 +/- 4.55994e-10
 Incoming Energy [13561984.145172274, 16449837.653018864)
   U238
     (n,gamma)                            3.55547e-06 +/- 3.39496e-10
 Incoming Energy [16449837.653018864, 19952623.149688788)
   U238
     (n,gamma)                            2.58283e-12 +/- 3.29509e-13
