 ================>     TALLY 1: U238(N,GAMMA) TO U239     <=================

 Incoming Energy [0.1, 0.1212937390055467)
   U238
     (n,gamma)                            0 +/- 0
 Incoming Energy [0.1212937390055467, 0.1471217112194568)
   U238
     (n,gamma)                            0 +/- 0
 Incoming Energy [0.1471217112194568, 0.1784494244270221)
   U238
     (n,gamma)                            5.13101e-11 +/- 2.57312e-11
 Incoming Energy [0.1784494244270221, 0.21644797912141248)
   U238
     (n,gamma)                            2.99833e-11 +/- 1.29289e-11
 Incoming Energy [0.21644797912141248, 0.2625378468783063)
   U238
     (n,gamma)                            4.10587e-11 +/- 1.49286e-11
 Incoming Energy [0.2625378468783063, 0.31844197078335473)
   U238
     (n,gamma)                            1.12904e-10 +/- 2.662e-11
 Incoming Energy [0.31844197078335473, 0.38625017292608155)
   U238
     (n,gamma)                            1.89629e-10 +/- 3.46119e-11
 Incoming Energy [0.38625017292608155, 0.4684972766574341)
   U238
     (n,gamma)                            3.37474e-10 +/- 4.79887e-11
 Incoming Energy [0.4684972766574341, 0.5682578639969622)
   U238
     (n,gamma)                            7.91283e-10 +/- 7.11022e-11
 Incoming Energy [0.5682578639969622, 0.6892612104349699)
   U238
     (n,gamma)                            1.61281e-09 +/- 9.35183e-11
 Incoming Energy [0.6892612104349699, 0.8360306936514645)
   U238
     (n,gamma)                            3.34663e-09 +/- 1.58829e-10
 Incoming Energy [0.8360306936514645, 1.0140528875638695)
   U238
     (n,gamma)                            7.17824e-09 +/- 2.38189e-10
 Incoming Energy [1.0140528875638695, 1.2299826628199295)
   U238
     (n,gamma)                            1.36621e-08 +/- 3.30086e-10
 Incoming Energy [1.2299826628199295, 1.4918919608542789)
   U238
     (n,gamma)                            2.59161e-08 +/- 4.35811e-10
 Incoming Energy [1.4918919608542789, 1.809571541243322)
   U238
     (n,gamma)                            4.88144e-08 +/- 6.04414e-10
 Incoming Energy [1.809571541243322, 2.1948969823543236)
   U238
     (n,gamma)                            9.21044e-08 +/- 7.6767e-10
 Incoming Energy [2.1948969823543236, 2.6622726172174738)
   U238
     (n,gamma)                            1.78708e-07 +/- 1.21131e-09
 Incoming Energy [2.6622726172174738, 3.2291699999439)
   U238
     (n,gamma)                            3.49101e-07 +/- 1.86797e-09
 Incoming Energy [3.2291699999439, 3.916781031777367)
   U238
     (n,gamma)                            7.20177e-07 +/- 2.87655e-09
 Incoming Energy [3.916781031777367, 4.750810162102798)
   U238
     (n,gamma)                            2.02602e-06 +/- 6.2732e-09
 Incoming Energy [4.750810162102798, 5.762435278669961)
   U238
     (n,gamma)                            7.25176e-06 +/- 1.97963e-08
 Incoming Energy [5.762435278669961, 6.98947320727349)
   U238
     (n,gamma)                            0.001645 +/- 5.12953e-06
 Incoming Energy [6.98947320727349, 8.477793389892922)
   U238
     (n,gamma)                            4.84549e-05 +/- 1.06636e-07
 Incoming Energy [8.477793389892922, 10.283032587766215)
   U238
     (n,gamma)                            1.03908e-05 +/- 1.66852e-08
 Incoming Energy [10.283032587766215, 12.472674708860467)
   U238
     (n,gamma)                            7.80261e-06 +/- 1.18984e-08
 Incoming Energy [12.472674708860467, 15.128573508376046)
   U238
     (n,gamma)                            7.00798e-06 +/- 6.70314e-09
 Incoming Energy [15.128573508376046, 18.35001246651192)
   U238
     (n,gamma)                            2.08652e-05 +/- 1.84397e-08
 Incoming Energy [18.35001246651192, 22.257416228616254)
   U238
     (n,gamma)                            0.00633699 +/- 8.57315e-06
 Incoming Energy [22.257416228616254, 26.996852349715994)
   U238
     (n,gamma)                            5.69451e-05 +/- 4.23494e-08
 Incoming Energy [26.996852349715994, 32.745491628777316)
   U238
     (n,gamma)                            3.75351e-05 +/- 2.29327e-08
 Incoming Energy [32.745491628777316, 39.718231152292304)
   U238
     (n,gamma)                            0.00784215 +/- 9.56928e-06
 Incoming Energy [39.718231152292304, 48.175727631481166)
   U238
     (n,gamma)                            5.13489e-05 +/- 2.82965e-08
 Incoming Energy [48.175727631481166, 58.43414133735181)
   U238
     (n,gamma)                            1.70716e-05 +/- 7.08585e-09
 Incoming Energy [58.43414133735181, 70.87695488385978)
   U238
     (n,gamma)                            0.00563921 +/- 6.09507e-06
 Incoming Energy [70.87695488385978, 85.96930867190797)
   U238
     (n,gamma)                            0.00111792 +/- 1.2047e-06
 Incoming Energy [85.96930867190797, 104.27538888537687)
   U238
     (n,gamma)                            0.00445877 +/- 3.96863e-06
 Incoming Energy [104.27538888537687, 126.47951804164788)
   U238
     (n,gamma)                            0.00357208 +/- 3.84502e-06
 Incoming Energy [126.47951804164788, 153.4117365089097)
   U238
     (n,gamma)                            0.000303668 +/- 3.55548e-07
 Incoming Energy [153.4117365089097, 186.07883128499395)
   U238
     (n,gamma)                            0.000794032 +/- 8.70967e-07
 Incoming Energy [186.07883128499395, 225.70197196339214)
   U238
     (n,gamma)                            0.00428204 +/- 3.19197e-06
 Incoming Energy [225.70197196339214, 273.76236080364936)
   U238
     (n,gamma)                            0.00244492 +/- 2.17238e-06
 Incoming Energy [273.76236080364936, 332.0566034086015)
   U238
     (n,gamma)                            0.00164449 +/- 1.55435e-06
 Incoming Energy [332.0566034086015, 402.7638698891124)
   U238
     (n,gamma)                            0.00152909 +/- 1.2749e-06
 Incoming Energy [402.7638698891124, 488.52735715193967)
   U238
     (n,gamma)                            0.00150743 +/- 1.05415e-06
 Incoming Energy [488.52735715193967, 592.5530975545687)
   U238
     (n,gamma)                            0.00175934 +/- 1.30876e-06
 Incoming Energy [592.5530975545687, 718.7298076171211)
   U238
     (n,gamma)                            0.00228147 +/- 1.26961e-06
 Incoming Energy [718.7298076171211, 871.7742570061787)
   U238
     (n,gamma)                            0.00142607 +/- 7.52489e-07
 Incoming Energy [871.7742570061787, 1057.4075920106193)
   U238
     (n,gamma)                            0.00158045 +/- 6.77863e-07
 Incoming Energy [1057.4075920106193, 1282.5692048781955)
   U238
     (n,gamma)                            0.00169402 +/- 6.89785e-07
 Incoming Energy [1282.5692048781955, 1555.6761439304755)
   U238
     (n,gamma)                            0.000924657 +/- 4.16966e-07
 Incoming Energy [1555.6761439304755, 1886.937761790582)
   U238
     (n,gamma)                            0.00115196 +/- 4.39826e-07
 Incoming Energy [1886.937761790582, 2288.7373639833754)
   U238
     (n,gamma)                            0.00114521 +/- 3.94357e-07
 Incoming Energy [2288.7373639833754, 2776.0951247924218)
   U238
     (n,gamma)                            0.00101868 +/- 2.98342e-07
 Incoming Energy [2776.0951247924218, 3367.229575211429)
   U238
     (n,gamma)                            0.000952372 +/- 2.69878e-07
 Incoming Energy [3367.229575211429, 4084.238652674526)
   U238
     (n,gamma)                            0.000784522 +/- 1.90387e-07
 Incoming Energy [4084.238652674526, 4953.925771738701)
   U238
     (n,gamma)                            0.000714251 +/- 1.69127e-07
 Incoming Energy [4953.925771738701, 6008.801796101249)
   U238
     (n,gamma)                            0.000713682 +/- 1.4579e-07
 Incoming Energy [6008.801796101249, 7288.300367923659)
   U238
     (n,gamma)                            0.000706666 +/- 1.80417e-07
 Incoming Energy [7288.300367923659, 8840.252026209613)
   U238
     (n,gamma)                            0.000588506 +/- 1.1687e-07
 Incoming Energy [8840.252026209613, 10722.672220103253)
   U238
     (n,gamma)                            0.00062735 +/- 1.18436e-07
 Incoming Energy [10722.672220103253, 13005.930057072286)
   U238
     (n,gamma)                            0.000571828 +/- 1.14155e-07
 Incoming Energy [13005.930057072286, 15775.378858669226)
   U238
     (n,gamma)                            0.00056586 +/- 1.09915e-07
 Incoming Energy [15775.378858669226, 19134.54685997042)
   U238
     (n,gamma)                            0.000499027 +/- 8.80047e-08
 Incoming Energy [19134.54685997042, 23209.00732822658)
   U238
     (n,gamma)                            0.000498936 +/- 7.25555e-08
 Incoming Energy [23209.00732822658, 28151.072774477383)
   U238
     (n,gamma)                            0.000309311 +/- 5.21924e-08
 Incoming Energy [28151.072774477383, 34145.48873833608)
   U238
     (n,gamma)                            0.000362259 +/- 6.21207e-08
 Incoming Energy [34145.48873833608, 41416.33999244574)
   U238
     (n,gamma)                            0.000380108 +/- 5.69578e-08
 Incoming Energy [41416.33999244574, 50235.42733608695)
   U238
     (n,gamma)                            0.000211252 +/- 3.35781e-08
 Incoming Energy [50235.42733608695, 60932.42812135442)
   U238
     (n,gamma)                            0.000242604 +/- 3.71691e-08
 Incoming Energy [60932.42812135442, 73907.22033525791)
   U238
     (n,gamma)                            0.000238644 +/- 3.58399e-08
 Incoming Energy [73907.22033525791, 89644.83093970215)
   U238
     (n,gamma)                            0.000165953 +/- 2.59549e-08
 Incoming Energy [89644.83093970215, 108733.56727196579)
   U238
     (n,gamma)                            5.25969e-05 +/- 7.95604e-09
 Incoming Energy [108733.56727196579, 131887.00929827886)
   U238
     (n,gamma)                            9.07657e-05 +/- 1.58891e-08
 Incoming Energy [131887.00929827886, 159970.6848404753)
   U238
     (n,gamma)                            9.89594e-05 +/- 1.76172e-08
 Incoming Energy [159970.6848404753, 194034.42495579197)
   U238
     (n,gamma)                            7.9687e-05 +/- 1.69736e-08
 Incoming Energy [194034.42495579197, 235351.60898679146)
   U238
     (n,gamma)                            4.78424e-05 +/- 1.15535e-08
 Incoming Energy [235351.60898679146, 285466.7663497939)
   U238
     (n,gamma)                            2.11012e-05 +/- 4.51927e-09
 Incoming Energy [285466.7663497939, 346253.3145238925)
   U238
     (n,gamma)                            2.9036e-05 +/- 6.08143e-09
 Incoming Energy [346253.3145238925, 419983.59161666525)
   U238
     (n,gamma)                            3.56726e-05 +/- 6.44227e-09
 Incoming Energy [419983.59161666525, 509413.80148163857)
   U238
     (n,gamma)                            5.69414e-05 +/- 1.02391e-08
 Incoming Energy [509413.80148163857, 617887.0468273731)
   U238
     (n,gamma)                            7.25817e-05 +/- 1.208e-08
 Incoming Energy [617887.0468273731, 749458.3019278748)
   U238
     (n,gamma)                            8.82523e-05 +/- 1.53153e-08
 Incoming Energy [749458.3019278748, 909045.9966957977)
   U238
     (n,gamma)                            8.57258e-05 +/- 1.57199e-08
 Incoming Energy [909045.9966957977, 1102615.8786725726)
   U238
     (n,gamma)                            8.17756e-05 +/- 1.58061e-08
 Incoming Energy [1102615.8786725726, 1337404.0261108242)
   U238
     (n,gamma)                            5.76352e-05 +/- 1.27208e-08
 Incoming Energy [1337404.0261108242, 1622187.3488805385)
   U238
     (n,gamma)                            4.66216e-05 +/- 1.05628e-08
 Incoming Energy [1622187.3488805385, 1967611.6891321556)
   U238
     (n,gamma)                            3.48645e-05 +/- 9.27244e-09
 Incoming Energy [1967611.6891321556, 2386589.786858588)
   U238
     (n,gamma)                            2.21521e-05 +/- 5.57363e-09
 Incoming Energy [2386589.786858588, 2894783.987205286)
   U238
     (n,gamma)                            1.22051e-05 +/- 3.58816e-09
 Incoming Energy [2894783.987205286, 3511191.7342151417)
   U238
     (n,gamma)                            6.7674e-06 +/- 2.25071e-09
 Incoming Energy [3511191.7342151417, 4258855.738083239)
   U238
     (n,gamma)                            3.11506e-06 +/- 9.83837e-10
 Incoming Energy [4258855.738083239, 5165725.3635734385)
   U238
     (n,gamma)                            1.18303e-06 +/- 4.20484e-10
 Incoming Energy [5165725.3635734385, 6265701.440236088)
   U238
     (n,gamma)                            4.73495e-07 +/- 1.66692e-10
 Incoming Energy [6265701.440236088, 7599903.551786749)
   U238
     (n,gamma)                            2.05557e-07 +/- 7.61607e-11
 Incoming Energy [7599903.551786749, 9218207.178777484)
   U238
     (n,gamma)                            2.06028e-07 +/- 7.25748e-11
 Incoming Energy [9218207.178777484, 11181108.156416964)
   U238
     (n,gamma)                            4.12951e-07 +/- 1.51152e-10
 Incoming Energy [11181108.156416964, 13561984.145172274)
   U238
     (n,gamma)                            1.18633e-06 +/- 2.28388e-10
 Incoming Energy [13561984.145172274, 16449837.653018864)
   U238
     (n,gamma)                            1.77916e-06 +/- 1.68352e-10
 Incoming Energy [16449837.653018864, 19952623.149688788)
   U238
     (n,gamma)                            5.78501e-13 +/- 1.04172e-13
