 ================>     TALLY 1: U238(N,GAMMA) TO U239     <=================

 Incoming Energy [0.1, 0.1212937390055467)
   U238
     (n,gamma)                            5.53412e-12 +/- 5.53412e-12
 Incoming Energy [0.1212937390055467, 0.1471217112194568)
   U238
     (n,gamma)                            1.76621e-11 +/- 1.5132e-11
 Incoming Energy [0.1471217112194568, 0.1784494244270221)
   U238
     (n,gamma)                            1.49303e-11 +/- 8.42184e-12
 Incoming Energy [0.1784494244270221, 0.21644797912141248)
   U238
     (n,gamma)                            9.53384e-11 +/- 3.99158e-11
 Incoming Energy [0.21644797912141248, 0.2625378468783063)
   U238
     (n,gamma)                            1.18803e-10 +/- 5.28042e-11
 Incoming Energy [0.2625378468783063, 0.31844197078335473)
   U238
     (n,gamma)                            2.27521e-10 +/- 8.33772e-11
 Incoming Energy [0.31844197078335473, 0.38625017292608155)
   U238
     (n,gamma)                            5.04288e-10 +/- 9.59273e-11
 Incoming Energy [0.38625017292608155, 0.4684972766574341)
   U238
     (n,gamma)                            1.00246e-09 +/- 1.41886e-10
 Incoming Energy [0.4684972766574341, 0.5682578639969622)
   U238
     (n,gamma)                            1.93401e-09 +/- 1.82255e-10
 Incoming Energy [0.5682578639969622, 0.6892612104349699)
   U238
     (n,gamma)                            4.35903e-09 +/- 3.23608e-10
 Incoming Energy [0.6892612104349699, 0.8360306936514645)
   U238
     (n,gamma)                            9.00312e-09 +/- 4.16854e-10
 Incoming Energy [0.8360306936514645, 1.0140528875638695)
   U238
     (n,gamma)                            1.86221e-08 +/- 6.22939e-10
 Incoming Energy [1.0140528875638695, 1.2299826628199295)
   U238
     (n,gamma)                            3.5923e-08 +/- 8.17086e-10
 Incoming Energy [1.2299826628199295, 1.4918919608542789)
   U238
     (n,gamma)                            6.98826e-08 +/- 1.20535e-09
 Incoming Energy [1.4918919608542789, 1.809571541243322)
   U238
     (n,gamma)                            1.28633e-07 +/- 1.81708e-09
 Incoming Energy [1.809571541243322, 2.1948969823543236)
   U238
     (n,gamma)                            2.42007e-07 +/- 2.31958e-09
 Incoming Energy [2.1948969823543236, 2.6622726172174738)
   U238
     (n,gamma)                            4.59729e-07 +/- 3.26023e-09
 Incoming Energy [2.6622726172174738, 3.2291699999439)
   U238
     (n,gamma)                            8.90619e-07 +/- 4.94183e-09
 Incoming Energy [3.2291699999439, 3.916781031777367)
   U238
     (n,gamma)                            1.85878e-06 +/- 8.83541e-09
 Incoming Energy [3.916781031777367, 4.750810162102798)
   U238
     (n,gamma)                            5.18813e-06 +/- 1.84934e-08
 Incoming Energy [4.750810162102798, 5.762435278669961)
   U238
     (n,gamma)                            1.84623e-05 +/- 5.2631e-08
 Incoming Energy [5.762435278669961, 6.98947320727349)
   U238
     (n,gamma)                            0.00220611 +/- 5.72802e-06
 Incoming Energy [6.98947320727349, 8.477793389892922)
   U238
     (n,gamma)                            0.000135412 +/- 3.04473e-07
 Incoming Energy [8.477793389892922, 10.283032587766215)
   U238
     (n,gamma)                            2.95579e-05 +/- 4.99296e-08
 Incoming Energy [10.283032587766215, 12.472674708860467)
   U238
     (n,gamma)                            2.20773e-05 +/- 3.4535e-08
 Incoming Energy [12.472674708860467, 15.128573508376046)
   U238
     (n,gamma)                            1.98172e-05 +/- 1.90312e-08
 Incoming Energy [15.128573508376046, 18.35001246651192)
   U238
     (n,gamma)                            5.88193e-05 +/- 5.17331e-08
 Incoming Energy [18.35001246651192, 22.257416228616254)
   U238
     (n,gamma)                            0.00921404 +/- 1.23084e-05
 Incoming Energy [22.257416228616254, 26.996852349715994)
   U238
     (n,gamma)                            0.000170442 +/- 1.27633e-07
 Incoming Energy [26.996852349715994, 32.745491628777316)
   U238
     (n,gamma)                            0.000112197 +/- 6.94249e-08
 Incoming Energy [32.745491628777316, 39.718231152292304)
   U238
     (n,gamma)                            0.0126283 +/- 1.09665e-05
 Incoming Energy [39.718231152292304, 48.175727631481166)
   U238
     (n,gamma)                            0.000159977 +/- 8.54384e-08
 Incoming Energy [48.175727631481166, 58.43414133735181)
   U238
     (n,gamma)                            5.31669e-05 +/- 2.15536e-08
 Incoming Energy [58.43414133735181, 70.87695488385978)
   U238
     (n,gamma)                            0.0101239 +/- 1.04785e-05
 Incoming Energy [70.87695488385978, 85.96930867190797)
   U238
     (n,gamma)                            0.00314695 +/- 3.81513e-06
 Incoming Energy [85.96930867190797, 104.27538888537687)
   U238
     (n,gamma)                            0.00820426 +/- 6.74407e-06
 Incoming Energy [104.27538888537687, 126.47951804164788)
   U238
     (n,gamma)                            0.00760953 +/- 7.40506e-06
 Incoming Energy [126.47951804164788, 153.4117365089097)
   U238
     (n,gamma)                            0.000966806 +/- 9.46726e-07
 Incoming Energy [153.4117365089097, 186.07883128499395)
   U238
     (n,gamma)                            0.00239883 +/- 2.55802e-06
 Incoming Energy [186.07883128499395, 225.70197196339214)
   U238
     (n,gamma)                            0.00898233 +/- 5.6095e-06
 Incoming Energy [225.70197196339214, 273.76236080364936)
   U238
     (n,gamma)                            0.00637652 +/- 5.42738e-06
 Incoming Energy [273.76236080364936, 332.0566034086015)
   U238
     (n,gamma)                            0.00467249 +/- 3.60009e-06
 Incoming Energy [332.0566034086015, 402.7638698891124)
   U238
     (n,gamma)                            0.00401842 +/- 2.74531e-06
 Incoming Energy [402.7638698891124, 488.52735715193967)
   U238
     (n,gamma)                            0.00473805 +/- 3.04899e-06
 Incoming Energy [488.52735715193967, 592.5530975545687)
   U238
     (n,gamma)                            0.00513496 +/- 3.30247e-06
 Incoming Energy [592.5530975545687, 718.7298076171211)
   U238
     (n,gamma)                            0.00672231 +/- 2.91145e-06
 Incoming Energy [718.7298076171211, 871.7742570061787)
   U238
     (n,gamma)                            0.00450037 +/- 2.239e-06
 Incoming Energy [871.7742570061787, 1057.4075920106193)
   U238
     (n,gamma)                            0.00468768 +/- 2.07247e-06
 Incoming Energy [1057.4075920106193, 1282.5692048781955)
   U238
     (n,gamma)                            0.00538787 +/- 1.95035e-06
 Incoming Energy [1282.5692048781955, 1555.6761439304755)
   U238
     (n,gamma)                            0.00296716 +/- 1.27957e-06
 Incoming Energy [1555.6761439304755, 1886.937761790582)
   U238
     (n,gamma)                            0.00363252 +/- 1.43242e-06
 Incoming Energy [1886.937761790582, 2288.7373639833754)
   U238
     (n,gamma)                            0.00370944 +/- 1.22813e-06
 Incoming Energy [2288.7373639833754, 2776.0951247924218)
   U238
     (n,gamma)                            0.00338722 +/- 9.93889e-07
 Incoming Energy [2776.0951247924218, 3367.229575211429)
   U238
     (n,gamma)                            0.00324803 +/- 8.18433e-07
 Incoming Energy [3367.229575211429, 4084.238652674526)
   U238
     (n,gamma)                            0.0026582 +/- 7.13002e-07
 Incoming Energy [4084.238652674526, 4953.925771738701)
   U238
     (n,gamma)                            0.00247956 +/- 6.17667e-07
 Incoming Energy [4953.925771738701, 6008.801796101249)
   U238
     (n,gamma)                            0.00248968 +/- 5.2948e-07
 Incoming Energy [6008.801796101249, 7288.300367923659)
   U238
     (n,gamma)                            0.00245671 +/- 5.68087e-07
 Incoming Energy [7288.300367923659, 8840.252026209613)
   U238
     (n,gamma)                            0.00206323 +/- 4.25366e-07
 Incoming Energy [8840.252026209613, 10722.672220103253)
   U238
     (n,gamma)                            0.00220725 +/- 4.32434e-07
 Incoming Energy [10722.672220103253, 13005.930057072286)
   U238
     (n,gamma)                            0.00201417 +/- 3.50816e-07
 Incoming Energy [13005.930057072286, 15775.378858669226)
   U238
     (n,gamma)                            0.00199954 +/- 3.85415e-07
 Incoming Energy [15775.378858669226, 19134.54685997042)
   U238
     (n,gamma)                            0.0017671 +/- 2.9632e-07
 Incoming Energy [19134.54685997042, 23209.00732822658)
   U238
     (n,gamma)                            0.00176847 +/- 2.88504e-07
 Incoming Energy [23209.00732822658, 28151.072774477383)
   U238
     (n,gamma)                            0.00109359 +/- 1.73762e-07
 Incoming Energy [28151.072774477383, 34145.48873833608)
   U238
     (n,gamma)                            0.00128601 +/- 2.07213e-07
 Incoming Energy [34145.48873833608, 41416.33999244574)
   U238
     (n,gamma)                            0.00134885 +/- 2.04851e-07
 Incoming Energy [41416.33999244574, 50235.42733608695)
   U238
     (n,gamma)                            0.000746778 +/- 1.17456e-07
 Incoming Energy [50235.42733608695, 60932.42812135442)
   U238
     (n,gamma)                            0.000862089 +/- 1.24361e-07
 Incoming Energy [60932.42812135442, 73907.22033525791)
   U238
     (n,gamma)                            0.00084884 +/- 1.29222e-07
 Incoming Energy [73907.22033525791, 89644.83093970215)
   U238
     (n,gamma)                            0.000586979 +/- 8.60631e-08
 Incoming Energy [89644.83093970215, 108733.56727196579)
   U238
     (n,gamma)                            0.000184969 +/- 2.74902e-08
 Incoming Energy [108733.56727196579, 131887.00929827886)
   U238
     (n,gamma)                            0.000320345 +/- 5.58497e-08
 Incoming Energy [131887.00929827886, 159970.6848404753)
   U238
     (n,gamma)                            0.000349188 +/- 6.68257e-08
 Incoming Energy [159970.6848404753, 194034.42495579197)
   U238
     (n,gamma)                            0.000280929 +/- 5.54199e-08
 Incoming Energy [194034.42495579197, 235351.60898679146)
   U238
     (n,gamma)                            0.000168824 +/- 4.02839e-08
 Incoming Energy [235351.60898679146, 285466.7663497939)
   U238
     (n,gamma)                            7.47527e-05 +/- 1.81917e-08
 Incoming Energy [285466.7663497939, 346253.3145238925)
   U238
     (n,gamma)                            0.000102027 +/- 2.14359e-08
 Incoming Energy [346253.3145238925, 419983.59161666525)
   U238
     (n,gamma)                            0.000124865 +/- 2.56848e-08
 Incoming Energy [419983.59161666525, 509413.80148163857)
   U238
     (n,gamma)                            0.000199316 +/- 3.83708e-08
 Incoming Energy [509413.80148163857, 617887.0468273731)
   U238
     (n,gamma)                            0.000253917 +/- 4.10694e-08
 Incoming Energy [617887.0468273731, 749458.3019278748)
   U238
     (n,gamma)                            0.000307612 +/- 5.31676e-08
 Incoming Energy [749458.3019278748, 909045.9966957977)
   U238
     (n,gamma)                            0.000296928 +/- 5.37751e-08
 Incoming Energy [909045.9966957977, 1102615.8786725726)
   U238
     (n,gamma)                            0.000281838 +/- 5.36998e-08
 Incoming Energy [1102615.8786725726, 1337404.0261108242)
   U238
     (n,gamma)                            0.00019722 +/- 4.48528e-08
 Incoming Energy [1337404.0261108242, 1622187.3488805385)
   U238
     (n,gamma)                            0.000158526 +/- 4.00861e-08
 Incoming Energy [1622187.3488805385, 1967611.6891321556)
   U238
     (n,gamma)                            0.000117851 +/- 3.24872e-08
 Incoming Energy [1967611.6891321556, 2386589.786858588)
   U238
     (n,gamma)                            7.46069e-05 +/- 1.86288e-08
 Incoming Energy [2386589.786858588, 2894783.987205286)
   U238
     (n,gamma)                            4.1029e-05 +/- 1.22844e-08
 Incoming Energy [2894783.987205286, 3511191.7342151417)
   U238
     (n,gamma)                            2.26495e-05 +/- 7.29686e-09
 Incoming Energy [3511191.7342151417, 4258855.738083239)
   U238
     (n,gamma)                            1.03756e-05 +/- 3.23482e-09
 Incoming Energy [4258855.738083239, 5165725.3635734385)
   U238
     (n,gamma)                            3.91702e-06 +/- 1.42343e-09
 Incoming Energy [5165725.3635734385, 6265701.440236088)
   U238
     (n,gamma)                            1.55736e-06 +/- 5.53871e-10
 Incoming Energy [6265701.440236088, 7599903.551786749)
   U238
     (n,gamma)                            6.70788e-07 +/- 2.47828e-10
 Incoming Energy [7599903.551786749, 9218207.178777484)
   U238
     (n,gamma)                            6.65686e-07 +/- 2.43175e-10
 Incoming Energy [9218207.178777484, 11181108.156416964)
   U238
     (n,gamma)                            1.33534e-06 +/- 5.11703e-10
 Incoming Energy [11181108.156416964, 13561984.145172274)
   U238
     (n,gamma)                            3.86764e-06 +/- 7.38995e-10
 Incoming Energy [13561984.145172274, 16449837.653018864)
   U238
     (n,gamma)                            5.91931e-06 +/- 5.6769e-10
 Incoming Energy [16449837.653018864, 19952623.149688788)
   U238
     (n,gamma)                            7.25245e-12 +/- 7.77109e-13
