 ================>     TALLY 1: U238(N,GAMMA) TO U239     <=================

 Incoming Energy [0.1, 0.1212937390055467)
   U238
     (n,gamma)                            0 +/- 0
 Incoming Energy [0.1212937390055467, 0.1471217112194568)
   U238
     (n,gamma)                            0 +/- 0
 Incoming Energy [0.1471217112194568, 0.1784494244270221)
   U238
     (n,gamma)                            0 +/- 0
 Incoming Energy [0.1784494244270221, 0.21644797912141248)
   U238
     (n,gamma)                            0 +/- 0
 Incoming Energy [0.21644797912141248, 0.2625378468783063)
   U238
     (n,gamma)                            1.04955e-10 +/- 1.04955e-10
 Incoming Energy [0.2625378468783063, 0.31844197078335473)
   U238
     (n,gamma)                            4.89903e-10 +/- 2.35322e-10
 Incoming Energy [0.31844197078335473, 0.38625017292608155)
   U238
     (n,gamma)                            8.60898e-10 +/- 3.30783e-10
 Incoming Energy [0.38625017292608155, 0.4684972766574341)
   U238
     (n,gamma)                            1.89573e-09 +/- 6.85064e-10
 Incoming Energy [0.4684972766574341, 0.5682578639969622)
   U238
     (n,gamma)                            3.76832e-09 +/- 8.06781e-10
 Incoming Energy [0.5682578639969622, 0.6892612104349699)
   U238
     (n,gamma)                            7.39061e-09 +/- 1.13612e-09
 Incoming Energy [0.6892612104349699, 0.8360306936514645)
   U238
     (n,gamma)                            1.41647e-08 +/- 1.60832e-09
 Incoming Energy [0.8360306936514645, 1.0140528875638695)
   U238
     (n,gamma)                            3.39966e-08 +/- 2.3841e-09
 Incoming Energy [1.0140528875638695, 1.2299826628199295)
   U238
     (n,gamma)                            5.66703e-08 +/- 3.80266e-09
 Incoming Energy [1.2299826628199295, 1.4918919608542789)
   U238
     (n,gamma)                            1.05903e-07 +/- 4.16299e-09
 Incoming Energy [1.4918919608542789, 1.809571541243322)
   U238
     (n,gamma)                            2.03922e-07 +/- 6.32291e-09
 Incoming Energy [1.809571541243322, 2.1948969823543236)
   U238
     (n,gamma)                            3.68545e-07 +/- 8.56777e-09
 Incoming Energy [2.1948969823543236, 2.6622726172174738)
   U238
     (n,gamma)                            7.15636e-07 +/- 1.44848e-08
 Incoming Energy [2.6622726172174738, 3.2291699999439)
   U238
     (n,gamma)                            1.35797e-06 +/- 2.12031e-08
 Incoming Energy [3.2291699999439, 3.916781031777367)
   U238
     (n,gamma)                            2.78312e-06 +/- 2.88334e-08
 Incoming Energy [3.916781031777367, 4.750810162102798)
   U238
     (n,gamma)                            7.70101e-06 +/- 6.45627e-08
 Incoming Energy [4.750810162102798, 5.762435278669961)
   U238
     (n,gamma)                            2.73057e-05 +/- 2.00396e-07
 Incoming Energy [5.762435278669961, 6.98947320727349)
   U238
     (n,gamma)                            0.00234894 +/- 1.5845e-05
 Incoming Energy [6.98947320727349, 8.477793389892922)
   U238
     (n,gamma)                            0.000205627 +/- 1.21338e-06
 Incoming Energy [8.477793389892922, 10.283032587766215)
   U238
     (n,gamma)                            4.60033e-05 +/- 2.05891e-07
 Incoming Energy [10.283032587766215, 12.472674708860467)
   U238
     (n,gamma)                            3.43252e-05 +/- 1.22634e-07
 Incoming Energy [12.472674708860467, 15.128573508376046)
   U238
     (n,gamma)                            3.07226e-05 +/- 7.21366e-08
 Incoming Energy [15.128573508376046, 18.35001246651192)
   U238
     (n,gamma)                            9.07163e-05 +/- 2.16596e-07
 Incoming Energy [18.35001246651192, 22.257416228616254)
   U238
     (n,gamma)                            0.0103058 +/- 2.98494e-05
 Incoming Energy [22.257416228616254, 26.996852349715994)
   U238
     (n,gamma)                            0.000271451 +/- 4.60927e-07
 Incoming Energy [26.996852349715994, 32.745491628777316)
   U238
     (n,gamma)                            0.000178667 +/- 2.78034e-07
 Incoming Energy [32.745491628777316, 39.718231152292304)
   U238
     (n,gamma)                            0.0152113 +/- 3.1143e-05
 Incoming Energy [39.718231152292304, 48.175727631481166)
   U238
     (n,gamma)                            0.000261535 +/- 3.24348e-07
 Incoming Energy [48.175727631481166, 58.43414133735181)
   U238
     (n,gamma)                            8.68978e-05 +/- 9.31147e-08
 Incoming Energy [58.43414133735181, 70.87695488385978)
   U238
     (n,gamma)                            0.0123838 +/- 2.49773e-05
 Incoming Energy [70.87695488385978, 85.96930867190797)
   U238
     (n,gamma)                            0.00468707 +/- 1.13899e-05
 Incoming Energy [85.96930867190797, 104.27538888537687)
   U238
     (n,gamma)                            0.0104358 +/- 1.6766e-05
 Incoming Energy [104.27538888537687, 126.47951804164788)
   U238
     (n,gamma)                            0.00995529 +/- 1.97572e-05
 Incoming Energy [126.47951804164788, 153.4117365089097)
   U238
     (n,gamma)                            0.00158254 +/- 4.19456e-06
 Incoming Energy [153.4117365089097, 186.07883128499395)
   U238
     (n,gamma)                            0.00376408 +/- 9.65121e-06
 Incoming Energy [186.07883128499395, 225.70197196339214)
   U238
     (n,gamma)                            0.0119778 +/- 1.49598e-05
 Incoming Energy [225.70197196339214, 273.76236080364936)
   U238
     (n,gamma)                            0.00914677 +/- 1.64592e-05
 Incoming Energy [273.76236080364936, 332.0566034086015)
   U238
     (n,gamma)                            0.00703913 +/- 1.33315e-05
 Incoming Energy [332.0566034086015, 402.7638698891124)
   U238
     (n,gamma)                            0.00593479 +/- 8.39511e-06
 Incoming Energy [402.7638698891124, 488.52735715193967)
   U238
     (n,gamma)                            0.00766596 +/- 1.03087e-05
 Incoming Energy [488.52735715193967, 592.5530975545687)
   U238
     (n,gamma)                            0.00788078 +/- 1.02078e-05
 Incoming Energy [592.5530975545687, 718.7298076171211)
   U238
     (n,gamma)                            0.0104785 +/- 1.04757e-05
 Incoming Energy [718.7298076171211, 871.7742570061787)
   U238
     (n,gamma)                            0.00732386 +/- 6.89924e-06
 Incoming Energy [871.7742570061787, 1057.4075920106193)
   U238
     (n,gamma)                            0.00737957 +/- 6.5916e-06
 Incoming Energy [1057.4075920106193, 1282.5692048781955)
   U238
     (n,gamma)                            0.00885502 +/- 6.19492e-06
 Incoming Energy [1282.5692048781955, 1555.6761439304755)
   U238
     (n,gamma)                            0.0049137 +/- 4.52807e-06
 Incoming Energy [1555.6761439304755, 1886.937761790582)
   U238
     (n,gamma)                            0.00595547 +/- 5.107e-06
 Incoming Energy [1886.937761790582, 2288.7373639833754)
   U238
     (n,gamma)                            0.00618747 +/- 4.05353e-06
 Incoming Energy [2288.7373639833754, 2776.0951247924218)
   U238
     (n,gamma)                            0.00575694 +/- 3.4976e-06
 Incoming Energy [2776.0951247924218, 3367.229575211429)
   U238
     (n,gamma)                            0.00562511 +/- 3.03527e-06
 Incoming Energy [3367.229575211429, 4084.238652674526)
   U238
     (n,gamma)                            0.00458542 +/- 2.64339e-06
 Incoming Energy [4084.238652674526, 4953.925771738701)
   U238
     (n,gamma)                            0.00436055 +/- 2.27923e-06
 Incoming Energy [4953.925771738701, 6008.801796101249)
   U238
     (n,gamma)                            0.00439915 +/- 2.08265e-06
 Incoming Energy [6008.801796101249, 7288.300367923659)
   U238
     (n,gamma)                            0.00433118 +/- 1.95501e-06
 Incoming Energy [7288.300367923659, 8840.252026209613)
   U238
     (n,gamma)                            0.00366402 +/- 1.78073e-06
 Incoming Energy [8840.252026209613, 10722.672220103253)
   U238
     (n,gamma)                            0.00393065 +/- 1.81065e-06
 Incoming Energy [10722.672220103253, 13005.930057072286)
   U238
     (n,gamma)                            0.00359079 +/- 1.63194e-06
 Incoming Energy [13005.930057072286, 15775.378858669226)
   U238
     (n,gamma)                            0.00357713 +/- 1.3194e-06
 Incoming Energy [15775.378858669226, 19134.54685997042)
   U238
     (n,gamma)                            0.00316932 +/- 1.25565e-06
 Incoming Energy [19134.54685997042, 23209.00732822658)
   U238
     (n,gamma)                            0.0031739 +/- 1.05199e-06
 Incoming Energy [23209.00732822658, 28151.072774477383)
   U238
     (n,gamma)                            0.00195696 +/- 6.83255e-07
 Incoming Energy [28151.072774477383, 34145.48873833608)
   U238
     (n,gamma)                            0.00231191 +/- 7.67807e-07
 Incoming Energy [34145.48873833608, 41416.33999244574)
   U238
     (n,gamma)                            0.00242446 +/- 8.13968e-07
 Incoming Energy [41416.33999244574, 50235.42733608695)
   U238
     (n,gamma)                            0.00133526 +/- 4.89114e-07
 Incoming Energy [50235.42733608695, 60932.42812135442)
   U238
     (n,gamma)                            0.00155125 +/- 5.24146e-07
 Incoming Energy [60932.42812135442, 73907.22033525791)
   U238
     (n,gamma)                            0.00152877 +/- 5.28969e-07
 Incoming Energy [73907.22033525791, 89644.83093970215)
   U238
     (n,gamma)                            0.00105073 +/- 3.4096e-07
 Incoming Energy [89644.83093970215, 108733.56727196579)
   U238
     (n,gamma)                            0.000329316 +/- 1.15593e-07
 Incoming Energy [108733.56727196579, 131887.00929827886)
   U238
     (n,gamma)                            0.00057212 +/- 2.21709e-07
 Incoming Energy [131887.00929827886, 159970.6848404753)
   U238
     (n,gamma)                            0.000623883 +/- 2.34597e-07
 Incoming Energy [159970.6848404753, 194034.42495579197)
   U238
     (n,gamma)                            0.000501375 +/- 2.14604e-07
 Incoming Energy [194034.42495579197, 235351.60898679146)
   U238
     (n,gamma)                            0.00030175 +/- 1.66416e-07
 Incoming Energy [235351.60898679146, 285466.7663497939)
   U238
     (n,gamma)                            0.000133961 +/- 6.55575e-08
 Incoming Energy [285466.7663497939, 346253.3145238925)
   U238
     (n,gamma)                            0.000181328 +/- 9.59859e-08
 Incoming Energy [346253.3145238925, 419983.59161666525)
   U238
     (n,gamma)                            0.000221446 +/- 9.84792e-08
 Incoming Energy [419983.59161666525, 509413.80148163857)
   U238
     (n,gamma)                            0.000353551 +/- 1.27275e-07
 Incoming Energy [509413.80148163857, 617887.0468273731)
   U238
     (n,gamma)                            0.000449887 +/- 1.59439e-07
 Incoming Energy [617887.0468273731, 749458.3019278748)
   U238
     (n,gamma)                            0.000543524 +/- 2.24941e-07
 Incoming Energy [749458.3019278748, 909045.9966957977)
   U238
     (n,gamma)                            0.000521712 +/- 2.29501e-07
 Incoming Energy [909045.9966957977, 1102615.8786725726)
   U238
     (n,gamma)                            0.000492645 +/- 2.07644e-07
 Incoming Energy [1102615.8786725726, 1337404.0261108242)
   U238
     (n,gamma)                            0.000342495 +/- 1.53522e-07
 Incoming Energy [1337404.0261108242, 1622187.3488805385)
   U238
     (n,gamma)                            0.000273645 +/- 1.52218e-07
 Incoming Energy [1622187.3488805385, 1967611.6891321556)
   U238
     (n,gamma)                            0.000202465 +/- 1.03243e-07
 Incoming Energy [1967611.6891321556, 2386589.786858588)
   U238
     (n,gamma)                            0.000127932 +/- 7.23088e-08
 Incoming Energy [2386589.786858588, 2894783.987205286)
   U238
     (n,gamma)                            7.00661e-05 +/- 4.61858e-08
 Incoming Energy [2894783.987205286, 3511191.7342151417)
   U238
     (n,gamma)                            3.85607e-05 +/- 2.39308e-08
 Incoming Energy [3511191.7342151417, 4258855.738083239)
   U238
     (n,gamma)                            1.75844e-05 +/- 1.22665e-08
 Incoming Energy [4258855.738083239, 5165725.3635734385)
   U238
     (n,gamma)                            6.59284e-06 +/- 5.32795e-09
 Incoming Energy [5165725.3635734385, 6265701.440236088)
   U238
     (n,gamma)                            2.60609e-06 +/- 2.10183e-09
 Incoming Energy [6265701.440236088, 7599903.551786749)
   U238
     (n,gamma)                            1.11417e-06 +/- 1.1001e-09
 Incoming Energy [7599903.551786749, 9218207.178777484)
   U238
     (n,gamma)                            1.09438e-06 +/- 9.73178e-10
 Incoming Energy [9218207.178777484, 11181108.156416964)
   U238
     (n,gamma)                            2.19147e-06 +/- 1.79036e-09
 Incoming Energy [11181108.156416964, 13561984.145172274)
   U238
     (n,gamma)                            6.40453e-06 +/- 3.07767e-09
 Incoming Energy [13561984.145172274, 16449837.653018864)
   U238
     (n,gamma)                            1.00112e-05 +/- 2.59435e-09
 Incoming Energy [16449837.653018864, 19952623.149688788)
   U238
     (n,gamma)                            1.5525e-11 +/- 3.17782e-12
