 ================>     TALLY 1: U238(N,GAMMA) TO U239     <=================

 Incoming Energy [0.1, 0.1212937390055467)
   U238
     (n,gamma)                            0 +/- 0
 Incoming Energy [0.1212937390055467, 0.1471217112194568)
   U238
     (n,gamma)                            0 +/- 0
 Incoming Energy [0.1471217112194568, 0.1784494244270221)
   U238
     (n,gamma)                            0 +/- 0
 Incoming Energy [0.1784494244270221, 0.21644797912141248)
   U238
     (n,gamma)                            6.2471e-12 +/- 5.33149e-12
 Incoming Energy [0.21644797912141248, 0.2625378468783063)
   U238
     (n,gamma)                            8.87392e-12 +/- 5.20074e-12
 Incoming Energy [0.2625378468783063, 0.31844197078335473)
   U238
     (n,gamma)                            1.20819e-11 +/- 5.44837e-12
 Incoming Energy [0.31844197078335473, 0.38625017292608155)
   U238
     (n,gamma)                            1.62565e-11 +/- 5.20736e-12
 Incoming Energy [0.38625017292608155, 0.4684972766574341)
   U238
     (n,gamma)                            4.90505e-11 +/- 1.16951e-11
 Incoming Energy [0.4684972766574341, 0.5682578639969622)
   U238
     (n,gamma)                            9.12451e-11 +/- 1.65119e-11
 Incoming Energy [0.5682578639969622, 0.6892612104349699)
   U238
     (n,gamma)                            2.48551e-10 +/- 2.77549e-11
 Incoming Energy [0.6892612104349699, 0.8360306936514645)
   U238
     (n,gamma)                            5.39014e-10 +/- 4.92035e-11
 Incoming Energy [0.8360306936514645, 1.0140528875638695)
   U238
     (n,gamma)                            1.07599e-09 +/- 6.27376e-11
 Incoming Energy [1.0140528875638695, 1.2299826628199295)
   U238
     (n,gamma)                            2.18062e-09 +/- 8.41088e-11
 Incoming Energy [1.2299826628199295, 1.4918919608542789)
   U238
     (n,gamma)                            3.76542e-09 +/- 1.2014e-10
 Incoming Energy [1.4918919608542789, 1.809571541243322)
   U238
     (n,gamma)                            7.4574e-09 +/- 1.59022e-10
 Incoming Energy [1.809571541243322, 2.1948969823543236)
   U238
     (n,gamma)                            1.40505e-08 +/- 2.26607e-10
 Incoming Energy [2.1948969823543236, 2.6622726172174738)
   U238
     (n,gamma)                            2.69748e-08 +/- 3.11223e-10
 Incoming Energy [2.6622726172174738, 3.2291699999439)
   U238
     (n,gamma)                            5.23216e-08 +/- 5.41634e-10
 Incoming Energy [3.2291699999439, 3.916781031777367)
   U238
     (n,gamma)                            1.07704e-07 +/- 7.61103e-10
 Incoming Energy [3.916781031777367, 4.750810162102798)
   U238
     (n,gamma)                            3.03786e-07 +/- 1.93368e-09
 Incoming Energy [4.750810162102798, 5.762435278669961)
   U238
     (n,gamma)                            1.08482e-06 +/- 4.7214e-09
 Incoming Energy [5.762435278669961, 6.98947320727349)
   U238
     (n,gamma)                            0.000451119 +/- 2.91335e-06
 Incoming Energy [6.98947320727349, 8.477793389892922)
   U238
     (n,gamma)                            6.42832e-06 +/- 2.79733e-08
 Incoming Energy [8.477793389892922, 10.283032587766215)
   U238
     (n,gamma)                            1.37476e-06 +/- 4.28267e-09
 Incoming Energy [10.283032587766215, 12.472674708860467)
   U238
     (n,gamma)                            1.02938e-06 +/- 2.8995e-09
 Incoming Energy [12.472674708860467, 15.128573508376046)
   U238
     (n,gamma)                            9.24641e-07 +/- 1.81733e-09
 Incoming Energy [15.128573508376046, 18.35001246651192)
   U238
     (n,gamma)                            2.75564e-06 +/- 4.28676e-09
 Incoming Energy [18.35001246651192, 22.257416228616254)
   U238
     (n,gamma)                            0.00167262 +/- 5.07299e-06
 Incoming Energy [22.257416228616254, 26.996852349715994)
   U238
     (n,gamma)                            6.9888e-06 +/- 1.00034e-08
 Incoming Energy [26.996852349715994, 32.745491628777316)
   U238
     (n,gamma)                            4.60956e-06 +/- 6.0794e-09
 Incoming Energy [32.745491628777316, 39.718231152292304)
   U238
     (n,gamma)                            0.00200579 +/- 5.78485e-06
 Incoming Energy [39.718231152292304, 48.175727631481166)
   U238
     (n,gamma)                            6.03593e-06 +/- 6.72655e-09
 Incoming Energy [48.175727631481166, 58.43414133735181)
   U238
     (n,gamma)                            2.00882e-06 +/- 1.93328e-09
 Incoming Energy [58.43414133735181, 70.87695488385978)
   U238
     (n,gamma)                            0.00106034 +/- 2.79864e-06
 Incoming Energy [70.87695488385978, 85.96930867190797)
   U238
     (n,gamma)                            0.000135755 +/- 3.71171e-07
 Incoming Energy [85.96930867190797, 104.27538888537687)
   U238
     (n,gamma)                            0.000880723 +/- 2.01498e-06
 Incoming Energy [104.27538888537687, 126.47951804164788)
   U238
     (n,gamma)                            0.000538185 +/- 1.40196e-06
 Incoming Energy [126.47951804164788, 153.4117365089097)
   U238
     (n,gamma)                            3.46701e-05 +/- 7.93478e-08
 Incoming Energy [153.4117365089097, 186.07883128499395)
   U238
     (n,gamma)                            9.28213e-05 +/- 2.14033e-07
 Incoming Energy [186.07883128499395, 225.70197196339214)
   U238
     (n,gamma)                            0.000709348 +/- 1.26043e-06
 Incoming Energy [225.70197196339214, 273.76236080364936)
   U238
     (n,gamma)                            0.000309221 +/- 6.00012e-07
 Incoming Energy [273.76236080364936, 332.0566034086015)
   U238
     (n,gamma)                            0.000197557 +/- 4.25196e-07
 Incoming Energy [332.0566034086015, 402.7638698891124)
   U238
     (n,gamma)                            0.000197852 +/- 4.1849e-07
 Incoming Energy [402.7638698891124, 488.52735715193967)
   U238
     (n,gamma)                            0.00017221 +/- 2.57123e-07
 Incoming Energy [488.52735715193967, 592.5530975545687)
   U238
     (n,gamma)                            0.000207934 +/- 3.47894e-07
 Incoming Energy [592.5530975545687, 718.7298076171211)
   U238
     (n,gamma)                            0.00027004 +/- 2.96241e-07
 Incoming Energy [718.7298076171211, 871.7742570061787)
   U238
     (n,gamma)                            0.000163 +/- 1.87321e-07
 Incoming Energy [871.7742570061787, 1057.4075920106193)
   U238
     (n,gamma)                            0.000188122 +/- 2.03921e-07
 Incoming Energy [1057.4075920106193, 1282.5692048781955)
   U238
     (n,gamma)                            0.000193684 +/- 1.8135e-07
 Incoming Energy [1282.5692048781955, 1555.6761439304755)
   U238
     (n,gamma)                            0.000104905 +/- 1.04054e-07
 Incoming Energy [1555.6761439304755, 1886.937761790582)
   U238
     (n,gamma)                            0.000131994 +/- 1.2461e-07
 Incoming Energy [1886.937761790582, 2288.7373639833754)
   U238
     (n,gamma)                            0.00012979 +/- 9.53055e-08
 Incoming Energy [2288.7373639833754, 2776.0951247924218)
   U238
     (n,gamma)                            0.000113691 +/- 8.54773e-08
 Incoming Energy [2776.0951247924218, 3367.229575211429)
   U238
     (n,gamma)                            0.000104954 +/- 6.52498e-08
 Incoming Energy [3367.229575211429, 4084.238652674526)
   U238
     (n,gamma)                            8.67416e-05 +/- 6.14517e-08
 Incoming Energy [4084.238652674526, 4953.925771738701)
   U238
     (n,gamma)                            7.81289e-05 +/- 4.32016e-08
 Incoming Energy [4953.925771738701, 6008.801796101249)
   U238
     (n,gamma)                            7.79011e-05 +/- 4.03286e-08
 Incoming Energy [6008.801796101249, 7288.300367923659)
   U238
     (n,gamma)                            7.71758e-05 +/- 4.75346e-08
 Incoming Energy [7288.300367923659, 8840.252026209613)
   U238
     (n,gamma)                            6.41257e-05 +/- 3.36682e-08
 Incoming Energy [8840.252026209613, 10722.672220103253)
   U238
     (n,gamma)                            6.82447e-05 +/- 2.89743e-08
 Incoming Energy [10722.672220103253, 13005.930057072286)
   U238
     (n,gamma)                            6.21724e-05 +/- 2.9255e-08
 Incoming Energy [13005.930057072286, 15775.378858669226)
   U238
     (n,gamma)                            6.14566e-05 +/- 2.6369e-08
 Incoming Energy [15775.378858669226, 19134.54685997042)
   U238
     (n,gamma)                            5.41473e-05 +/- 2.13945e-08
 Incoming Energy [19134.54685997042, 23209.00732822658)
   U238
     (n,gamma)                            5.41596e-05 +/- 1.80444e-08
 Incoming Energy [23209.00732822658, 28151.072774477383)
   U238
     (n,gamma)                            3.35726e-05 +/- 1.21602e-08
 Incoming Energy [28151.072774477383, 34145.48873833608)
   U238
     (n,gamma)                            3.92864e-05 +/- 1.35216e-08
 Incoming Energy [34145.48873833608, 41416.33999244574)
   U238
     (n,gamma)                            4.12271e-05 +/- 1.40213e-08
 Incoming Energy [41416.33999244574, 50235.42733608695)
   U238
     (n,gamma)                            2.29378e-05 +/- 7.71752e-09
 Incoming Energy [50235.42733608695, 60932.42812135442)
   U238
     (n,gamma)                            2.6303e-05 +/- 9.04896e-09
 Incoming Energy [60932.42812135442, 73907.22033525791)
   U238
     (n,gamma)                            2.58638e-05 +/- 8.26971e-09
 Incoming Energy [73907.22033525791, 89644.83093970215)
   U238
     (n,gamma)                            1.80207e-05 +/- 7.08377e-09
 Incoming Energy [89644.83093970215, 108733.56727196579)
   U238
     (n,gamma)                            5.72183e-06 +/- 2.09685e-09
 Incoming Energy [108733.56727196579, 131887.00929827886)
   U238
     (n,gamma)                            9.86095e-06 +/- 3.92203e-09
 Incoming Energy [131887.00929827886, 159970.6848404753)
   U238
     (n,gamma)                            1.07536e-05 +/- 4.68723e-09
 Incoming Energy [159970.6848404753, 194034.42495579197)
   U238
     (n,gamma)                            8.65955e-06 +/- 3.82131e-09
 Incoming Energy [194034.42495579197, 235351.60898679146)
   U238
     (n,gamma)                            5.20262e-06 +/- 2.75685e-09
 Incoming Energy [235351.60898679146, 285466.7663497939)
   U238
     (n,gamma)                            2.28881e-06 +/- 1.19841e-09
 Incoming Energy [285466.7663497939, 346253.3145238925)
   U238
     (n,gamma)                            3.16204e-06 +/- 1.61103e-09
 Incoming Energy [346253.3145238925, 419983.59161666525)
   U238
     (n,gamma)                            3.88987e-06 +/- 1.75829e-09
 Incoming Energy [419983.59161666525, 509413.80148163857)
   U238
     (n,gamma)                            6.20921e-06 +/- 2.38173e-09
 Incoming Energy [509413.80148163857, 617887.0468273731)
   U238
     (n,gamma)                            7.9135e-06 +/- 2.98631e-09
 Incoming Energy [617887.0468273731, 749458.3019278748)
   U238
     (n,gamma)                            9.64288e-06 +/- 4.10988e-09
 Incoming Energy [749458.3019278748, 909045.9966957977)
   U238
     (n,gamma)                            9.38321e-06 +/- 4.03856e-09
 Incoming Energy [909045.9966957977, 1102615.8786725726)
   U238
     (n,gamma)                            8.97004e-06 +/- 4.24459e-09
 Incoming Energy [1102615.8786725726, 1337404.0261108242)
   U238
     (n,gamma)                            6.33568e-06 +/- 3.08739e-09
 Incoming Energy [1337404.0261108242, 1622187.3488805385)
   U238
     (n,gamma)                            5.14236e-06 +/- 2.88972e-09
 Incoming Energy [1622187.3488805385, 1967611.6891321556)
   U238
     (n,gamma)                            3.85555e-06 +/- 2.01696e-09
 Incoming Energy [1967611.6891321556, 2386589.786858588)
   U238
     (n,gamma)                            2.45614e-06 +/- 1.28084e-09
 Incoming Energy [2386589.786858588, 2894783.987205286)
   U238
     (n,gamma)                            1.35415e-06 +/- 8.62456e-10
 Incoming Energy [2894783.987205286, 3511191.7342151417)
   U238
     (n,gamma)                            7.51384e-07 +/- 4.85143e-10
 Incoming Energy [3511191.7342151417, 4258855.738083239)
   U238
     (n,gamma)                            3.46552e-07 +/- 2.50109e-10
 Incoming Energy [4258855.738083239, 5165725.3635734385)
   U238
     (n,gamma)                            1.31923e-07 +/- 1.00534e-10
 Incoming Energy [5165725.3635734385, 6265701.440236088)
   U238
     (n,gamma)                            5.29425e-08 +/- 4.19809e-11
 Incoming Energy [6265701.440236088, 7599903.551786749)
   U238
     (n,gamma)                            2.30664e-08 +/- 2.10515e-11
 Incoming Energy [7599903.551786749, 9218207.178777484)
   U238
     (n,gamma)                            2.32001e-08 +/- 2.00854e-11
 Incoming Energy [9218207.178777484, 11181108.156416964)
   U238
     (n,gamma)                            4.64039e-08 +/- 3.9021e-11
 Incoming Energy [11181108.156416964, 13561984.145172274)
   U238
     (n,gamma)                            1.32874e-07 +/- 6.16338e-11
 Incoming Energy [13561984.145172274, 16449837.653018864)
   U238
     (n,gamma)                            1.97948e-07 +/- 5.14993e-11
 Incoming Energy [16449837.653018864, 19952623.149688788)
   U238
     (n,gamma)                            3.41083e-15 +/- 3.41083e-15
