 ================>     TALLY 1: U238(N,GAMMA) TO U239     <=================

 Incoming Energy [0.1, 0.1212937390055467)
   U238
     (n,gamma)                            0 +/- 0
 Incoming Energy [0.1212937390055467, 0.1471217112194568)
   U238
     (n,gamma)                            0 +/- 0
 Incoming Energy [0.1471217112194568, 0.1784494244270221)
   U238
     (n,gamma)                            0 +/- 0
 Incoming Energy [0.1784494244270221, 0.21644797912141248)
   U238
     (n,gamma)                            0 +/- 0
 Incoming Energy [0.21644797912141248, 0.2625378468783063)
   U238
     (n,gamma)                            1.65791e-11 +/- 1.20935e-11
 Incoming Energy [0.2625378468783063, 0.31844197078335473)
   U238
     (n,gamma)                            3.98136e-11 +/- 1.90211e-11
 Incoming Energy [0.31844197078335473, 0.38625017292608155)
   U238
     (n,gamma)                            5.61963e-11 +/- 2.72322e-11
 Incoming Energy [0.38625017292608155, 0.4684972766574341)
   U238
     (n,gamma)                            1.92515e-10 +/- 5.12923e-11
 Incoming Energy [0.4684972766574341, 0.5682578639969622)
   U238
     (n,gamma)                            3.83449e-10 +/- 7.48368e-11
 Incoming Energy [0.5682578639969622, 0.6892612104349699)
   U238
     (n,gamma)                            8.8792e-10 +/- 1.20488e-10
 Incoming Energy [0.6892612104349699, 0.8360306936514645)
   U238
     (n,gamma)                            2.32178e-09 +/- 2.08782e-10
 Incoming Energy [0.8360306936514645, 1.0140528875638695)
   U238
     (n,gamma)                            4.349e-09 +/- 2.57248e-10
 Incoming Energy [1.0140528875638695, 1.2299826628199295)
   U238
     (n,gamma)                            8.59468e-09 +/- 3.95474e-10
 Incoming Energy [1.2299826628199295, 1.4918919608542789)
   U238
     (n,gamma)                            1.53701e-08 +/- 5.37955e-10
 Incoming Energy [1.4918919608542789, 1.809571541243322)
   U238
     (n,gamma)                            2.9694e-08 +/- 8.22087e-10
 Incoming Energy [1.809571541243322, 2.1948969823543236)
   U238
     (n,gamma)                            5.65472e-08 +/- 9.76918e-10
 Incoming Energy [2.1948969823543236, 2.6622726172174738)
   U238
     (n,gamma)                            1.11126e-07 +/- 1.45457e-09
 Incoming Energy [2.6622726172174738, 3.2291699999439)
   U238
     (n,gamma)                            2.15696e-07 +/- 2.18924e-09
 Incoming Energy [3.2291699999439, 3.916781031777367)
   U238
     (n,gamma)                            4.4766e-07 +/- 3.77571e-09
 Incoming Energy [3.916781031777367, 4.750810162102798)
   U238
     (n,gamma)                            1.25586e-06 +/- 8.01504e-09
 Incoming Energy [4.750810162102798, 5.762435278669961)
   U238
     (n,gamma)                            4.52122e-06 +/- 2.35477e-08
 Incoming Energy [5.762435278669961, 6.98947320727349)
   U238
     (n,gamma)                            0.00129584 +/- 8.92003e-06
 Incoming Energy [6.98947320727349, 8.477793389892922)
   U238
     (n,gamma)                            2.88647e-05 +/- 1.45082e-07
 Incoming Energy [8.477793389892922, 10.283032587766215)
   U238
     (n,gamma)                            6.1423e-06 +/- 2.20428e-08
 Incoming Energy [10.283032587766215, 12.472674708860467)
   U238
     (n,gamma)                            4.63864e-06 +/- 1.24667e-08
 Incoming Energy [12.472674708860467, 15.128573508376046)
   U238
     (n,gamma)                            4.1579e-06 +/- 8.67538e-09
 Incoming Energy [15.128573508376046, 18.35001246651192)
   U238
     (n,gamma)                            1.23718e-05 +/- 2.15817e-08
 Incoming Energy [18.35001246651192, 22.257416228616254)
   U238
     (n,gamma)                            0.00489805 +/- 1.55111e-05
 Incoming Energy [22.257416228616254, 26.996852349715994)
   U238
     (n,gamma)                            3.28921e-05 +/- 5.31778e-08
 Incoming Energy [26.996852349715994, 32.745491628777316)
   U238
     (n,gamma)                            2.17262e-05 +/- 2.65022e-08
 Incoming Energy [32.745491628777316, 39.718231152292304)
   U238
     (n,gamma)                            0.00587617 +/- 1.5077e-05
 Incoming Energy [39.718231152292304, 48.175727631481166)
   U238
     (n,gamma)                            2.92521e-05 +/- 3.27209e-08
 Incoming Energy [48.175727631481166, 58.43414133735181)
   U238
     (n,gamma)                            9.72292e-06 +/- 9.73705e-09
 Incoming Energy [58.43414133735181, 70.87695488385978)
   U238
     (n,gamma)                            0.00388636 +/- 9.905e-06
 Incoming Energy [70.87695488385978, 85.96930867190797)
   U238
     (n,gamma)                            0.000647443 +/- 1.78484e-06
 Incoming Energy [85.96930867190797, 104.27538888537687)
   U238
     (n,gamma)                            0.00310928 +/- 6.18975e-06
 Incoming Energy [104.27538888537687, 126.47951804164788)
   U238
     (n,gamma)                            0.00227182 +/- 5.64242e-06
 Incoming Energy [126.47951804164788, 153.4117365089097)
   U238
     (n,gamma)                            0.000171015 +/- 4.21529e-07
 Incoming Energy [153.4117365089097, 186.07883128499395)
   U238
     (n,gamma)                            0.000452687 +/- 1.14687e-06
 Incoming Energy [186.07883128499395, 225.70197196339214)
   U238
     (n,gamma)                            0.00279886 +/- 4.87099e-06
 Incoming Energy [225.70197196339214, 273.76236080364936)
   U238
     (n,gamma)                            0.00144358 +/- 3.09847e-06
 Incoming Energy [273.76236080364936, 332.0566034086015)
   U238
     (n,gamma)                            0.000949877 +/- 1.60287e-06
 Incoming Energy [332.0566034086015, 402.7638698891124)
   U238
     (n,gamma)                            0.000912865 +/- 1.94965e-06
 Incoming Energy [402.7638698891124, 488.52735715193967)
   U238
     (n,gamma)                            0.000850006 +/- 1.25675e-06
 Incoming Energy [488.52735715193967, 592.5530975545687)
   U238
     (n,gamma)                            0.00100772 +/- 1.54309e-06
 Incoming Energy [592.5530975545687, 718.7298076171211)
   U238
     (n,gamma)                            0.00130874 +/- 1.56656e-06
 Incoming Energy [718.7298076171211, 871.7742570061787)
   U238
     (n,gamma)                            0.000802852 +/- 9.3385e-07
 Incoming Energy [871.7742570061787, 1057.4075920106193)
   U238
     (n,gamma)                            0.000908261 +/- 9.1165e-07
 Incoming Energy [1057.4075920106193, 1282.5692048781955)
   U238
     (n,gamma)                            0.000954981 +/- 7.20993e-07
 Incoming Energy [1282.5692048781955, 1555.6761439304755)
   U238
     (n,gamma)                            0.000519559 +/- 4.97694e-07
 Incoming Energy [1555.6761439304755, 1886.937761790582)
   U238
     (n,gamma)                            0.000650567 +/- 5.78534e-07
 Incoming Energy [1886.937761790582, 2288.7373639833754)
   U238
     (n,gamma)                            0.000643086 +/- 4.62295e-07
 Incoming Energy [2288.7373639833754, 2776.0951247924218)
   U238
     (n,gamma)                            0.000567495 +/- 4.0481e-07
 Incoming Energy [2776.0951247924218, 3367.229575211429)
   U238
     (n,gamma)                            0.000527495 +/- 3.32332e-07
 Incoming Energy [3367.229575211429, 4084.238652674526)
   U238
     (n,gamma)                            0.000435499 +/- 2.70551e-07
 Incoming Energy [4084.238652674526, 4953.925771738701)
   U238
     (n,gamma)                            0.000394152 +/- 2.30119e-07
 Incoming Energy [4953.925771738701, 6008.801796101249)
   U238
     (n,gamma)                            0.00039362 +/- 1.88832e-07
 Incoming Energy [6008.801796101249, 7288.300367923659)
   U238
     (n,gamma)                            0.000389557 +/- 2.27088e-07
 Incoming Energy [7288.300367923659, 8840.252026209613)
   U238
     (n,gamma)                            0.000324282 +/- 1.57694e-07
 Incoming Energy [8840.252026209613, 10722.672220103253)
   U238
     (n,gamma)                            0.000345423 +/- 1.46575e-07
 Incoming Energy [10722.672220103253, 13005.930057072286)
   U238
     (n,gamma)                            0.000314532 +/- 1.46191e-07
 Incoming Energy [13005.930057072286, 15775.378858669226)
   U238
     (n,gamma)                            0.000311315 +/- 1.24222e-07
 Incoming Energy [15775.378858669226, 19134.54685997042)
   U238
     (n,gamma)                            0.000274404 +/- 1.11322e-07
 Incoming Energy [19134.54685997042, 23209.00732822658)
   U238
     (n,gamma)                            0.000274508 +/- 9.35883e-08
 Incoming Energy [23209.00732822658, 28151.072774477383)
   U238
     (n,gamma)                            0.000170085 +/- 5.80437e-08
 Incoming Energy [28151.072774477383, 34145.48873833608)
   U238
     (n,gamma)                            0.000199136 +/- 6.59768e-08
 Incoming Energy [34145.48873833608, 41416.33999244574)
   U238
     (n,gamma)                            0.000208965 +/- 7.36784e-08
 Incoming Energy [41416.33999244574, 50235.42733608695)
   U238
     (n,gamma)                            0.000116194 +/- 4.01829e-08
 Incoming Energy [50235.42733608695, 60932.42812135442)
   U238
     (n,gamma)                            0.00013331 +/- 4.76935e-08
 Incoming Energy [60932.42812135442, 73907.22033525791)
   U238
     (n,gamma)                            0.000131159 +/- 4.38184e-08
 Incoming Energy [73907.22033525791, 89644.83093970215)
   U238
     (n,gamma)                            9.1297e-05 +/- 3.27118e-08
 Incoming Energy [89644.83093970215, 108733.56727196579)
   U238
     (n,gamma)                            2.89521e-05 +/- 1.00172e-08
 Incoming Energy [108733.56727196579, 131887.00929827886)
   U238
     (n,gamma)                            4.99602e-05 +/- 2.13146e-08
 Incoming Energy [131887.00929827886, 159970.6848404753)
   U238
     (n,gamma)                            5.44707e-05 +/- 2.22228e-08
 Incoming Energy [159970.6848404753, 194034.42495579197)
   U238
     (n,gamma)                            4.38475e-05 +/- 1.86968e-08
 Incoming Energy [194034.42495579197, 235351.60898679146)
   U238
     (n,gamma)                            2.63355e-05 +/- 1.37942e-08
 Incoming Energy [235351.60898679146, 285466.7663497939)
   U238
     (n,gamma)                            1.15984e-05 +/- 5.82062e-09
 Incoming Energy [285466.7663497939, 346253.3145238925)
   U238
     (n,gamma)                            1.59951e-05 +/- 8.52221e-09
 Incoming Energy [346253.3145238925, 419983.59161666525)
   U238
     (n,gamma)                            1.96674e-05 +/- 8.90567e-09
 Incoming Energy [419983.59161666525, 509413.80148163857)
   U238
     (n,gamma)                            3.13836e-05 +/- 1.18293e-08
 Incoming Energy [509413.80148163857, 617887.0468273731)
   U238
     (n,gamma)                            4.0009e-05 +/- 1.44543e-08
 Incoming Energy [617887.0468273731, 749458.3019278748)
   U238
     (n,gamma)                            4.86974e-05 +/- 2.18496e-08
 Incoming Energy [749458.3019278748, 909045.9966957977)
   U238
     (n,gamma)                            4.73479e-05 +/- 2.02495e-08
 Incoming Energy [909045.9966957977, 1102615.8786725726)
   U238
     (n,gamma)                            4.52014e-05 +/- 2.0594e-08
 Incoming Energy [1102615.8786725726, 1337404.0261108242)
   U238
     (n,gamma)                            3.18992e-05 +/- 1.53722e-08
 Incoming Energy [1337404.0261108242, 1622187.3488805385)
   U238
     (n,gamma)                            2.58487e-05 +/- 1.40586e-08
 Incoming Energy [1622187.3488805385, 1967611.6891321556)
   U238
     (n,gamma)                            1.93582e-05 +/- 9.80484e-09
 Incoming Energy [1967611.6891321556, 2386589.786858588)
   U238
     (n,gamma)                            1.23249e-05 +/- 6.45531e-09
 Incoming Energy [2386589.786858588, 2894783.987205286)
   U238
     (n,gamma)                            6.78937e-06 +/- 4.1681e-09
 Incoming Energy [2894783.987205286, 3511191.7342151417)
   U238
     (n,gamma)                            3.76448e-06 +/- 2.41855e-09
 Incoming Energy [3511191.7342151417, 4258855.738083239)
   U238
     (n,gamma)                            1.73509e-06 +/- 1.2979e-09
 Incoming Energy [4258855.738083239, 5165725.3635734385)
   U238
     (n,gamma)                            6.59555e-07 +/- 4.98888e-10
 Incoming Energy [5165725.3635734385, 6265701.440236088)
   U238
     (n,gamma)                            2.64296e-07 +/- 2.05148e-10
 Incoming Energy [6265701.440236088, 7599903.551786749)
   U238
     (n,gamma)                            1.15034e-07 +/- 1.04001e-10
 Incoming Energy [7599903.551786749, 9218207.178777484)
   U238
     (n,gamma)                            1.15425e-07 +/- 1.04096e-10
 Incoming Energy [9218207.178777484, 11181108.156416964)
   U238
     (n,gamma)                            2.30979e-07 +/- 1.93381e-10
 Incoming Energy [11181108.156416964, 13561984.145172274)
   U238
     (n,gamma)                            6.62452e-07 +/- 3.06327e-10
 Incoming Energy [13561984.145172274, 16449837.653018864)
   U238
     (n,gamma)                            9.90662e-07 +/- 2.55488e-10
 Incoming Energy [16449837.653018864, 19952623.149688788)
   U238
     (n,gamma)                            3.4122e-13 +/- 1.46575e-13
