 ================>     TALLY 1: U238(N,GAMMA) TO U239     <=================

 Incoming Energy [0.1, 0.1212937390055467)
   U238
     (n,gamma)                            1.04108e-13 +/- 1.04108e-13
 Incoming Energy [0.1212937390055467, 0.1471217112194568)
   U238
     (n,gamma)                            0 +/- 0
 Incoming Energy [0.1471217112194568, 0.1784494244270221)
   U238
     (n,gamma)                            7.01842e-14 +/- 5.06098e-14
 Incoming Energy [0.1784494244270221, 0.21644797912141248)
   U238
     (n,gamma)                            1.91697e-12 +/- 9.90166e-13
 Incoming Energy [0.21644797912141248, 0.2625378468783063)
   U238
     (n,gamma)                            2.33712e-12 +/- 8.95902e-13
 Incoming Energy [0.2625378468783063, 0.31844197078335473)
   U238
     (n,gamma)                            9.11531e-12 +/- 1.96371e-12
 Incoming Energy [0.31844197078335473, 0.38625017292608155)
   U238
     (n,gamma)                            1.61384e-11 +/- 2.46937e-12
 Incoming Energy [0.38625017292608155, 0.4684972766574341)
   U238
     (n,gamma)                            3.49978e-11 +/- 3.84507e-12
 Incoming Energy [0.4684972766574341, 0.5682578639969622)
   U238
     (n,gamma)                            6.62824e-11 +/- 4.7009e-12
 Incoming Energy [0.5682578639969622, 0.6892612104349699)
   U238
     (n,gamma)                            1.51535e-10 +/- 6.8318e-12
 Incoming Energy [0.6892612104349699, 0.8360306936514645)
   U238
     (n,gamma)                            3.05775e-10 +/- 1.11213e-11
 Incoming Energy [0.8360306936514645, 1.0140528875638695)
   U238
     (n,gamma)                            6.38358e-10 +/- 1.69554e-11
 Incoming Energy [1.0140528875638695, 1.2299826628199295)
   U238
     (n,gamma)                            1.23849e-09 +/- 2.34432e-11
 Incoming Energy [1.2299826628199295, 1.4918919608542789)
   U238
     (n,gamma)                            2.35303e-09 +/- 3.10098e-11
 Incoming Energy [1.4918919608542789, 1.809571541243322)
   U238
     (n,gamma)                            4.56139e-09 +/- 4.35376e-11
 Incoming Energy [1.809571541243322, 2.1948969823543236)
   U238
     (n,gamma)                            8.62403e-09 +/- 6.16868e-11
 Incoming Energy [2.1948969823543236, 2.6622726172174738)
   U238
     (n,gamma)                            1.64164e-08 +/- 8.44163e-11
 Incoming Energy [2.6622726172174738, 3.2291699999439)
   U238
     (n,gamma)                            3.18491e-08 +/- 1.34988e-10
 Incoming Energy [3.2291699999439, 3.916781031777367)
   U238
     (n,gamma)                            6.63498e-08 +/- 1.96192e-10
 Incoming Energy [3.916781031777367, 4.750810162102798)
   U238
     (n,gamma)                            1.85218e-07 +/- 5.14785e-10
 Incoming Energy [4.750810162102798, 5.762435278669961)
   U238
     (n,gamma)                            6.6306e-07 +/- 1.40499e-09
 Incoming Energy [5.762435278669961, 6.98947320727349)
   U238
     (n,gamma)                            0.000295601 +/- 9.04304e-07
 Incoming Energy [6.98947320727349, 8.477793389892922)
   U238
     (n,gamma)                            3.90619e-06 +/- 7.18179e-09
 Incoming Energy [8.477793389892922, 10.283032587766215)
   U238
     (n,gamma)                            8.34969e-07 +/- 1.10198e-09
 Incoming Energy [10.283032587766215, 12.472674708860467)
   U238
     (n,gamma)                            6.24979e-07 +/- 7.81999e-10
 Incoming Energy [12.472674708860467, 15.128573508376046)
   U238
     (n,gamma)                            5.62348e-07 +/- 4.80438e-10
 Incoming Energy [15.128573508376046, 18.35001246651192)
   U238
     (n,gamma)                            1.67785e-06 +/- 1.33639e-09
 Incoming Energy [18.35001246651192, 22.257416228616254)
   U238
     (n,gamma)                            0.00108875 +/- 1.62784e-06
 Incoming Energy [22.257416228616254, 26.996852349715994)
   U238
     (n,gamma)                            4.23524e-06 +/- 2.92966e-09
 Incoming Energy [26.996852349715994, 32.745491628777316)
   U238
     (n,gamma)                            2.78994e-06 +/- 1.65703e-09
 Incoming Energy [32.745491628777316, 39.718231152292304)
   U238
     (n,gamma)                            0.00130647 +/- 1.75474e-06
 Incoming Energy [39.718231152292304, 48.175727631481166)
   U238
     (n,gamma)                            3.63655e-06 +/- 1.84255e-09
 Incoming Energy [48.175727631481166, 58.43414133735181)
   U238
     (n,gamma)                            1.20995e-06 +/- 4.96729e-10
 Incoming Energy [58.43414133735181, 70.87695488385978)
   U238
     (n,gamma)                            0.000662072 +/- 7.74053e-07
 Incoming Energy [70.87695488385978, 85.96930867190797)
   U238
     (n,gamma)                            8.18591e-05 +/- 9.41384e-08
 Incoming Energy [85.96930867190797, 104.27538888537687)
   U238
     (n,gamma)                            0.00055518 +/- 5.32206e-07
 Incoming Energy [104.27538888537687, 126.47951804164788)
   U238
     (n,gamma)                            0.000330245 +/- 3.75287e-07
 Incoming Energy [126.47951804164788, 153.4117365089097)
   U238
     (n,gamma)                            2.0757e-05 +/- 2.19964e-08
 Incoming Energy [153.4117365089097, 186.07883128499395)
   U238
     (n,gamma)                            5.57116e-05 +/- 6.12237e-08
 Incoming Energy [186.07883128499395, 225.70197196339214)
   U238
     (n,gamma)                            0.000439742 +/- 3.29713e-07
 Incoming Energy [225.70197196339214, 273.76236080364936)
   U238
     (n,gamma)                            0.000186751 +/- 1.74304e-07
 Incoming Energy [273.76236080364936, 332.0566034086015)
   U238
     (n,gamma)                            0.00011913 +/- 1.08003e-07
 Incoming Energy [332.0566034086015, 402.7638698891124)
   U238
     (n,gamma)                            0.000119609 +/- 1.12287e-07
 Incoming Energy [402.7638698891124, 488.52735715193967)
   U238
     (n,gamma)                            0.000103489 +/- 7.07384e-08
 Incoming Energy [488.52735715193967, 592.5530975545687)
   U238
     (n,gamma)                            0.000125385 +/- 8.96728e-08
 Incoming Energy [592.5530975545687, 718.7298076171211)
   U238
     (n,gamma)                            0.000162846 +/- 8.55182e-08
 Incoming Energy [718.7298076171211, 871.7742570061787)
   U238
     (n,gamma)                            9.78627e-05 +/- 4.64441e-08
 Incoming Energy [871.7742570061787, 1057.4075920106193)
   U238
     (n,gamma)                            0.000113306 +/- 5.23776e-08
 Incoming Energy [1057.4075920106193, 1282.5692048781955)
   U238
     (n,gamma)                            0.000116171 +/- 4.35976e-08
 Incoming Energy [1282.5692048781955, 1555.6761439304755)
   U238
     (n,gamma)                            6.30226e-05 +/- 3.01361e-08
 Incoming Energy [1555.6761439304755, 1886.937761790582)
   U238
     (n,gamma)                            7.95047e-05 +/- 3.40936e-08
 Incoming Energy [1886.937761790582, 2288.7373639833754)
   U238
     (n,gamma)                            7.78741e-05 +/- 2.6127e-08
 Incoming Energy [2288.7373639833754, 2776.0951247924218)
   U238
     (n,gamma)                            6.81831e-05 +/- 2.03391e-08
 Incoming Energy [2776.0951247924218, 3367.229575211429)
   U238
     (n,gamma)                            6.29621e-05 +/- 1.7209e-08
 Incoming Energy [3367.229575211429, 4084.238652674526)
   U238
     (n,gamma)                            5.1987e-05 +/- 1.59492e-08
 Incoming Energy [4084.238652674526, 4953.925771738701)
   U238
     (n,gamma)                            4.68181e-05 +/- 1.19977e-08
 Incoming Energy [4953.925771738701, 6008.801796101249)
   U238
     (n,gamma)                            4.66902e-05 +/- 1.02514e-08
 Incoming Energy [6008.801796101249, 7288.300367923659)
   U238
     (n,gamma)                            4.62976e-05 +/- 1.12252e-08
 Incoming Energy [7288.300367923659, 8840.252026209613)
   U238
     (n,gamma)                            3.84225e-05 +/- 8.39625e-09
 Incoming Energy [8840.252026209613, 10722.672220103253)
   U238
     (n,gamma)                            4.08849e-05 +/- 8.18439e-09
 Incoming Energy [10722.672220103253, 13005.930057072286)
   U238
     (n,gamma)                            3.72617e-05 +/- 7.28644e-09
 Incoming Energy [13005.930057072286, 15775.378858669226)
   U238
     (n,gamma)                            3.68165e-05 +/- 6.84221e-09
 Incoming Energy [15775.378858669226, 19134.54685997042)
   U238
     (n,gamma)                            3.24355e-05 +/- 5.68573e-09
 Incoming Energy [19134.54685997042, 23209.00732822658)
   U238
     (n,gamma)                            3.24319e-05 +/- 5.05776e-09
 Incoming Energy [23209.00732822658, 28151.072774477383)
   U238
     (n,gamma)                            2.01241e-05 +/- 3.27434e-09
 Incoming Energy [28151.072774477383, 34145.48873833608)
   U238
     (n,gamma)                            2.353e-05 +/- 4.3695e-09
 Incoming Energy [34145.48873833608, 41416.33999244574)
   U238
     (n,gamma)                            2.46906e-05 +/- 4.16635e-09
 Incoming Energy [41416.33999244574, 50235.42733608695)
   U238
     (n,gamma)                            1.37453e-05 +/- 2.20964e-09
 Incoming Energy [50235.42733608695, 60932.42812135442)
   U238
     (n,gamma)                            1.57488e-05 +/- 2.44788e-09
 Incoming Energy [60932.42812135442, 73907.22033525791)
   U238
     (n,gamma)                            1.54877e-05 +/- 2.38506e-09
 Incoming Energy [73907.22033525791, 89644.83093970215)
   U238
     (n,gamma)                            1.07916e-05 +/- 1.69179e-09
 Incoming Energy [89644.83093970215, 108733.56727196579)
   U238
     (n,gamma)                            3.42866e-06 +/- 5.5548e-10
 Incoming Energy [108733.56727196579, 131887.00929827886)
   U238
     (n,gamma)                            5.90844e-06 +/- 9.65895e-10
 Incoming Energy [131887.00929827886, 159970.6848404753)
   U238
     (n,gamma)                            6.44141e-06 +/- 1.08849e-09
 Incoming Energy [159970.6848404753, 194034.42495579197)
   U238
     (n,gamma)                            5.18919e-06 +/- 1.10915e-09
 Incoming Energy [194034.42495579197, 235351.60898679146)
   U238
     (n,gamma)                            3.1144e-06 +/- 6.93616e-10
 Incoming Energy [235351.60898679146, 285466.7663497939)
   U238
     (n,gamma)                            1.37126e-06 +/- 3.19404e-10
 Incoming Energy [285466.7663497939, 346253.3145238925)
   U238
     (n,gamma)                            1.89336e-06 +/- 3.87234e-10
 Incoming Energy [346253.3145238925, 419983.59161666525)
   U238
     (n,gamma)                            2.32975e-06 +/- 4.32686e-10
 Incoming Energy [419983.59161666525, 509413.80148163857)
   U238
     (n,gamma)                            3.71924e-06 +/- 7.0972e-10
 Incoming Energy [509413.80148163857, 617887.0468273731)
   U238
     (n,gamma)                            4.74225e-06 +/- 7.88469e-10
 Incoming Energy [617887.0468273731, 749458.3019278748)
   U238
     (n,gamma)                            5.77498e-06 +/- 9.95181e-10
 Incoming Energy [749458.3019278748, 909045.9966957977)
   U238
     (n,gamma)                            5.62325e-06 +/- 1.06292e-09
 Incoming Energy [909045.9966957977, 1102615.8786725726)
   U238
     (n,gamma)                            5.37774e-06 +/- 1.06504e-09
 Incoming Energy [1102615.8786725726, 1337404.0261108242)
   U238
     (n,gamma)                            3.79991e-06 +/- 8.29545e-10
 Incoming Energy [1337404.0261108242, 1622187.3488805385)
   U238
     (n,gamma)                            3.0818e-06 +/- 7.64289e-10
 Incoming Energy [1622187.3488805385, 1967611.6891321556)
   U238
     (n,gamma)                            2.31078e-06 +/- 5.71082e-10
 Incoming Energy [1967611.6891321556, 2386589.786858588)
   U238
     (n,gamma)                            1.47068e-06 +/- 3.66432e-10
 Incoming Energy [2386589.786858588, 2894783.987205286)
   U238
     (n,gamma)                            8.11102e-07 +/- 2.4917e-10
 Incoming Energy [2894783.987205286, 3511191.7342151417)
   U238
     (n,gamma)                            4.50498e-07 +/- 1.45059e-10
 Incoming Energy [3511191.7342151417, 4258855.738083239)
   U238
     (n,gamma)                            2.07748e-07 +/- 6.35486e-11
 Incoming Energy [4258855.738083239, 5165725.3635734385)
   U238
     (n,gamma)                            7.91114e-08 +/- 2.88273e-11
 Incoming Energy [5165725.3635734385, 6265701.440236088)
   U238
     (n,gamma)                            3.17386e-08 +/- 1.08347e-11
 Incoming Energy [6265701.440236088, 7599903.551786749)
   U238
     (n,gamma)                            1.38203e-08 +/- 5.04634e-12
 Incoming Energy [7599903.551786749, 9218207.178777484)
   U238
     (n,gamma)                            1.39087e-08 +/- 4.82999e-12
 Incoming Energy [9218207.178777484, 11181108.156416964)
   U238
     (n,gamma)                            2.78651e-08 +/- 1.04248e-11
 Incoming Energy [11181108.156416964, 13561984.145172274)
   U238
     (n,gamma)                            7.97877e-08 +/- 1.54777e-11
 Incoming Energy [13561984.145172274, 16449837.653018864)
   U238
     (n,gamma)                            1.18702e-07 +/- 1.13573e-11
 Incoming Energy [16449837.653018864, 19952623.149688788)
   U238
     (n,gamma)                            4.09229e-16 +/- 4.09229e-16
