 ================>     TALLY 1: U238(N,GAMMA) TO U239     <=================

 Incoming Energy [0.1, 0.1212937390055467)
   U238
     (n,gamma)                            0 +/- 0
 Incoming Energy [0.1212937390055467, 0.1471217112194568)
   U238
     (n,gamma)                            0 +/- 0
 Incoming Energy [0.1471217112194568, 0.1784494244270221)
   U238
     (n,gamma)                            0 +/- 0
 Incoming Energy [0.1784494244270221, 0.21644797912141248)
   U238
     (n,gamma)                            8.81261e-14 +/- 5.89578e-14
 Incoming Energy [0.21644797912141248, 0.2625378468783063)
   U238
     (n,gamma)                            9.21584e-14 +/- 5.37061e-14
 Incoming Energy [0.2625378468783063, 0.31844197078335473)
   U238
     (n,gamma)                            1.45425e-13 +/- 6.71991e-14
 Incoming Energy [0.31844197078335473, 0.38625017292608155)
   U238
     (n,gamma)                            3.29401e-13 +/- 1.04828e-13
 Incoming Energy [0.38625017292608155, 0.4684972766574341)
   U238
     (n,gamma)                            5.06758e-13 +/- 1.1718e-13
 Incoming Energy [0.4684972766574341, 0.5682578639969622)
   U238
     (n,gamma)                            1.0429e-12 +/- 1.57523e-13
 Incoming Energy [0.5682578639969622, 0.6892612104349699)
   U238
     (n,gamma)                            2.50789e-12 +/- 2.8628e-13
 Incoming Energy [0.6892612104349699, 0.8360306936514645)
   U238
     (n,gamma)                            5.82322e-12 +/- 5.10085e-13
 Incoming Energy [0.8360306936514645, 1.0140528875638695)
   U238
     (n,gamma)                            1.15973e-11 +/- 6.73391e-13
 Incoming Energy [1.0140528875638695, 1.2299826628199295)
   U238
     (n,gamma)                            2.21019e-11 +/- 8.42276e-13
 Incoming Energy [1.2299826628199295, 1.4918919608542789)
   U238
     (n,gamma)                            4.11808e-11 +/- 1.23105e-12
 Incoming Energy [1.4918919608542789, 1.809571541243322)
   U238
     (n,gamma)                            8.00204e-11 +/- 1.61338e-12
 Incoming Energy [1.809571541243322, 2.1948969823543236)
   U238
     (n,gamma)                            1.52665e-10 +/- 2.3437e-12
 Incoming Energy [2.1948969823543236, 2.6622726172174738)
   U238
     (n,gamma)                            2.88073e-10 +/- 3.11527e-12
 Incoming Energy [2.6622726172174738, 3.2291699999439)
   U238
     (n,gamma)                            5.58094e-10 +/- 5.00819e-12
 Incoming Energy [3.2291699999439, 3.916781031777367)
   U238
     (n,gamma)                            1.16637e-09 +/- 7.49003e-12
 Incoming Energy [3.916781031777367, 4.750810162102798)
   U238
     (n,gamma)                            3.28091e-09 +/- 1.93842e-11
 Incoming Energy [4.750810162102798, 5.762435278669961)
   U238
     (n,gamma)                            1.17118e-08 +/- 4.68784e-11
 Incoming Energy [5.762435278669961, 6.98947320727349)
   U238
     (n,gamma)                            5.61659e-06 +/- 3.56544e-08
 Incoming Energy [6.98947320727349, 8.477793389892922)
   U238
     (n,gamma)                            6.67878e-08 +/- 2.99342e-10
 Incoming Energy [8.477793389892922, 10.283032587766215)
   U238
     (n,gamma)                            1.43371e-08 +/- 4.62967e-11
 Incoming Energy [10.283032587766215, 12.472674708860467)
   U238
     (n,gamma)                            1.07553e-08 +/- 3.009e-11
 Incoming Energy [12.472674708860467, 15.128573508376046)
   U238
     (n,gamma)                            9.6539e-09 +/- 1.92588e-11
 Incoming Energy [15.128573508376046, 18.35001246651192)
   U238
     (n,gamma)                            2.88145e-08 +/- 4.51642e-11
 Incoming Energy [18.35001246651192, 22.257416228616254)
   U238
     (n,gamma)                            2.079e-05 +/- 6.99146e-08
 Incoming Energy [22.257416228616254, 26.996852349715994)
   U238
     (n,gamma)                            7.16199e-08 +/- 1.1378e-10
 Incoming Energy [26.996852349715994, 32.745491628777316)
   U238
     (n,gamma)                            4.72512e-08 +/- 6.07504e-11
 Incoming Energy [32.745491628777316, 39.718231152292304)
   U238
     (n,gamma)                            2.52887e-05 +/- 8.08295e-08
 Incoming Energy [39.718231152292304, 48.175727631481166)
   U238
     (n,gamma)                            6.09571e-08 +/- 6.99208e-11
 Incoming Energy [48.175727631481166, 58.43414133735181)
   U238
     (n,gamma)                            2.03134e-08 +/- 1.77287e-11
 Incoming Energy [58.43414133735181, 70.87695488385978)
   U238
     (n,gamma)                            1.17825e-05 +/- 3.23569e-08
 Incoming Energy [70.87695488385978, 85.96930867190797)
   U238
     (n,gamma)                            1.37296e-06 +/- 3.60058e-09
 Incoming Energy [85.96930867190797, 104.27538888537687)
   U238
     (n,gamma)                            1.00211e-05 +/- 2.30562e-08
 Incoming Energy [104.27538888537687, 126.47951804164788)
   U238
     (n,gamma)                            5.66226e-06 +/- 1.49253e-08
 Incoming Energy [126.47951804164788, 153.4117365089097)
   U238
     (n,gamma)                            3.48406e-07 +/- 7.85285e-10
 Incoming Energy [153.4117365089097, 186.07883128499395)
   U238
     (n,gamma)                            9.31506e-07 +/- 2.20125e-09
 Incoming Energy [186.07883128499395, 225.70197196339214)
   U238
     (n,gamma)                            7.70709e-06 +/- 1.45133e-08
 Incoming Energy [225.70197196339214, 273.76236080364936)
   U238
     (n,gamma)                            3.1456e-06 +/- 6.19573e-09
 Incoming Energy [273.76236080364936, 332.0566034086015)
   U238
     (n,gamma)                            1.99607e-06 +/- 4.40472e-09
 Incoming Energy [332.0566034086015, 402.7638698891124)
   U238
     (n,gamma)                            2.02339e-06 +/- 4.40132e-09
 Incoming Energy [402.7638698891124, 488.52735715193967)
   U238
     (n,gamma)                            1.73034e-06 +/- 2.64259e-09
 Incoming Energy [488.52735715193967, 592.5530975545687)
   U238
     (n,gamma)                            2.09829e-06 +/- 3.47931e-09
 Incoming Energy [592.5530975545687, 718.7298076171211)
   U238
     (n,gamma)                            2.72613e-06 +/- 3.08543e-09
 Incoming Energy [718.7298076171211, 871.7742570061787)
   U238
     (n,gamma)                            1.63407e-06 +/- 1.90674e-09
 Incoming Energy [871.7742570061787, 1057.4075920106193)
   U238
     (n,gamma)                            1.89873e-06 +/- 2.04918e-09
 Incoming Energy [1057.4075920106193, 1282.5692048781955)
   U238
     (n,gamma)                            1.94325e-06 +/- 1.86789e-09
 Incoming Energy [1282.5692048781955, 1555.6761439304755)
   U238
     (n,gamma)                            1.05152e-06 +/- 1.09093e-09
 Incoming Energy [1555.6761439304755, 1886.937761790582)
   U238
     (n,gamma)                            1.32637e-06 +/- 1.171e-09
 Incoming Energy [1886.937761790582, 2288.7373639833754)
   U238
     (n,gamma)                            1.30132e-06 +/- 9.80001e-10
 Incoming Energy [2288.7373639833754, 2776.0951247924218)
   U238
     (n,gamma)                            1.13704e-06 +/- 8.53573e-10
 Incoming Energy [2776.0951247924218, 3367.229575211429)
   U238
     (n,gamma)                            1.04794e-06 +/- 6.6385e-10
 Incoming Energy [3367.229575211429, 4084.238652674526)
   U238
     (n,gamma)                            8.66498e-07 +/- 5.88449e-10
 Incoming Energy [4084.238652674526, 4953.925771738701)
   U238
     (n,gamma)                            7.79467e-07 +/- 4.38835e-10
 Incoming Energy [4953.925771738701, 6008.801796101249)
   U238
     (n,gamma)                            7.76957e-07 +/- 4.08503e-10
 Incoming Energy [6008.801796101249, 7288.300367923659)
   U238
     (n,gamma)                            7.69886e-07 +/- 4.64639e-10
 Incoming Energy [7288.300367923659, 8840.252026209613)
   U238
     (n,gamma)                            6.39505e-07 +/- 3.37097e-10
 Incoming Energy [8840.252026209613, 10722.672220103253)
   U238
     (n,gamma)                            6.80326e-07 +/- 2.86002e-10
 Incoming Energy [10722.672220103253, 13005.930057072286)
   U238
     (n,gamma)                            6.19744e-07 +/- 2.90524e-10
 Incoming Energy [13005.930057072286, 15775.378858669226)
   U238
     (n,gamma)                            6.12523e-07 +/- 2.65278e-10
 Incoming Energy [15775.378858669226, 19134.54685997042)
   U238
     (n,gamma)                            5.39598e-07 +/- 2.1241e-10
 Incoming Energy [19134.54685997042, 23209.00732822658)
   U238
     (n,gamma)                            5.3976e-07 +/- 1.79816e-10
 Incoming Energy [23209.00732822658, 28151.072774477383)
   U238
     (n,gamma)                            3.34615e-07 +/- 1.19182e-10
 Incoming Energy [28151.072774477383, 34145.48873833608)
   U238
     (n,gamma)                            3.91496e-07 +/- 1.38188e-10
 Incoming Energy [34145.48873833608, 41416.33999244574)
   U238
     (n,gamma)                            4.10881e-07 +/- 1.37173e-10
 Incoming Energy [41416.33999244574, 50235.42733608695)
   U238
     (n,gamma)                            2.28603e-07 +/- 7.66282e-11
 Incoming Energy [50235.42733608695, 60932.42812135442)
   U238
     (n,gamma)                            2.62096e-07 +/- 9.22185e-11
 Incoming Energy [60932.42812135442, 73907.22033525791)
   U238
     (n,gamma)                            2.57693e-07 +/- 8.27494e-11
 Incoming Energy [73907.22033525791, 89644.83093970215)
   U238
     (n,gamma)                            1.79612e-07 +/- 7.10067e-11
 Incoming Energy [89644.83093970215, 108733.56727196579)
   U238
     (n,gamma)                            5.70424e-08 +/- 2.04886e-11
 Incoming Energy [108733.56727196579, 131887.00929827886)
   U238
     (n,gamma)                            9.8298e-08 +/- 3.80543e-11
 Incoming Energy [131887.00929827886, 159970.6848404753)
   U238
     (n,gamma)                            1.07204e-07 +/- 4.57925e-11
 Incoming Energy [159970.6848404753, 194034.42495579197)
   U238
     (n,gamma)                            8.63241e-08 +/- 3.84059e-11
 Incoming Energy [194034.42495579197, 235351.60898679146)
   U238
     (n,gamma)                            5.18573e-08 +/- 2.70291e-11
 Incoming Energy [235351.60898679146, 285466.7663497939)
   U238
     (n,gamma)                            2.2813e-08 +/- 1.18194e-11
 Incoming Energy [285466.7663497939, 346253.3145238925)
   U238
     (n,gamma)                            3.15278e-08 +/- 1.63905e-11
 Incoming Energy [346253.3145238925, 419983.59161666525)
   U238
     (n,gamma)                            3.87936e-08 +/- 1.79926e-11
 Incoming Energy [419983.59161666525, 509413.80148163857)
   U238
     (n,gamma)                            6.19045e-08 +/- 2.37153e-11
 Incoming Energy [509413.80148163857, 617887.0468273731)
   U238
     (n,gamma)                            7.89066e-08 +/- 2.98307e-11
 Incoming Energy [617887.0468273731, 749458.3019278748)
   U238
     (n,gamma)                            9.61713e-08 +/- 4.0598e-11
 Incoming Energy [749458.3019278748, 909045.9966957977)
   U238
     (n,gamma)                            9.36347e-08 +/- 3.9809e-11
 Incoming Energy [909045.9966957977, 1102615.8786725726)
   U238
     (n,gamma)                            8.95242e-08 +/- 4.17747e-11
 Incoming Energy [1102615.8786725726, 1337404.0261108242)
   U238
     (n,gamma)                            6.32546e-08 +/- 3.09444e-11
 Incoming Energy [1337404.0261108242, 1622187.3488805385)
   U238
     (n,gamma)                            5.13529e-08 +/- 2.88233e-11
 Incoming Energy [1622187.3488805385, 1967611.6891321556)
   U238
     (n,gamma)                            3.85184e-08 +/- 1.98422e-11
 Incoming Energy [1967611.6891321556, 2386589.786858588)
   U238
     (n,gamma)                            2.45381e-08 +/- 1.27395e-11
 Incoming Energy [2386589.786858588, 2894783.987205286)
   U238
     (n,gamma)                            1.35299e-08 +/- 8.34327e-12
 Incoming Energy [2894783.987205286, 3511191.7342151417)
   U238
     (n,gamma)                            7.51065e-09 +/- 4.74737e-12
 Incoming Energy [3511191.7342151417, 4258855.738083239)
   U238
     (n,gamma)                            3.46489e-09 +/- 2.60596e-12
 Incoming Energy [4258855.738083239, 5165725.3635734385)
   U238
     (n,gamma)                            1.31955e-09 +/- 1.03071e-12
 Incoming Energy [5165725.3635734385, 6265701.440236088)
   U238
     (n,gamma)                            5.29699e-10 +/- 4.23909e-13
 Incoming Energy [6265701.440236088, 7599903.551786749)
   U238
     (n,gamma)                            2.30861e-10 +/- 2.09424e-13
 Incoming Energy [7599903.551786749, 9218207.178777484)
   U238
     (n,gamma)                            2.32215e-10 +/- 2.00167e-13
 Incoming Energy [9218207.178777484, 11181108.156416964)
   U238
     (n,gamma)                            4.64589e-10 +/- 3.88508e-13
 Incoming Energy [11181108.156416964, 13561984.145172274)
   U238
     (n,gamma)                            1.32961e-09 +/- 6.17554e-13
 Incoming Energy [13561984.145172274, 16449837.653018864)
   U238
     (n,gamma)                            1.97903e-09 +/- 5.14742e-13
 Incoming Energy [16449837.653018864, 19952623.149688788)
   U238
     (n,gamma)                            0 +/- 0
