 ================>     TALLY 1: U238(N,GAMMA) TO U239     <=================

 Incoming Energy [0.1, 0.1212937390055467)
   U238
     (n,gamma)                            0 +/- 0
 Incoming Energy [0.1212937390055467, 0.1471217112194568)
   U238
     (n,gamma)                            2.2815e-13 +/- 2.2815e-13
 Incoming Energy [0.1471217112194568, 0.1784494244270221)
   U238
     (n,gamma)                            2.06122e-12 +/- 1.49989e-12
 Incoming Energy [0.1784494244270221, 0.21644797912141248)
   U238
     (n,gamma)                            1.03853e-11 +/- 4.39499e-12
 Incoming Energy [0.21644797912141248, 0.2625378468783063)
   U238
     (n,gamma)                            1.98948e-11 +/- 7.70785e-12
 Incoming Energy [0.2625378468783063, 0.31844197078335473)
   U238
     (n,gamma)                            3.75309e-11 +/- 8.00077e-12
 Incoming Energy [0.31844197078335473, 0.38625017292608155)
   U238
     (n,gamma)                            5.77992e-11 +/- 1.06488e-11
 Incoming Energy [0.38625017292608155, 0.4684972766574341)
   U238
     (n,gamma)                            1.14062e-10 +/- 1.60368e-11
 Incoming Energy [0.4684972766574341, 0.5682578639969622)
   U238
     (n,gamma)                            3.27964e-10 +/- 2.32504e-11
 Incoming Energy [0.5682578639969622, 0.6892612104349699)
   U238
     (n,gamma)                            6.35992e-10 +/- 3.39801e-11
 Incoming Energy [0.6892612104349699, 0.8360306936514645)
   U238
     (n,gamma)                            1.42014e-09 +/- 5.36324e-11
 Incoming Energy [0.8360306936514645, 1.0140528875638695)
   U238
     (n,gamma)                            2.76533e-09 +/- 6.73378e-11
 Incoming Energy [1.0140528875638695, 1.2299826628199295)
   U238
     (n,gamma)                            5.40727e-09 +/- 1.03792e-10
 Incoming Energy [1.2299826628199295, 1.4918919608542789)
   U238
     (n,gamma)                            1.02834e-08 +/- 1.46209e-10
 Incoming Energy [1.4918919608542789, 1.809571541243322)
   U238
     (n,gamma)                            1.96728e-08 +/- 2.05922e-10
 Incoming Energy [1.809571541243322, 2.1948969823543236)
   U238
     (n,gamma)                            3.75167e-08 +/- 2.79079e-10
 Incoming Energy [2.1948969823543236, 2.6622726172174738)
   U238
     (n,gamma)                            7.12901e-08 +/- 4.13288e-10
 Incoming Energy [2.6622726172174738, 3.2291699999439)
   U238
     (n,gamma)                            1.39985e-07 +/- 6.47797e-10
 Incoming Energy [3.2291699999439, 3.916781031777367)
   U238
     (n,gamma)                            2.89395e-07 +/- 1.00943e-09
 Incoming Energy [3.916781031777367, 4.750810162102798)
   U238
     (n,gamma)                            8.06467e-07 +/- 2.46488e-09
 Incoming Energy [4.750810162102798, 5.762435278669961)
   U238
     (n,gamma)                            2.89557e-06 +/- 6.69479e-09
 Incoming Energy [5.762435278669961, 6.98947320727349)
   U238
     (n,gamma)                            0.000989391 +/- 2.86026e-06
 Incoming Energy [6.98947320727349, 8.477793389892922)
   U238
     (n,gamma)                            1.79972e-05 +/- 3.57253e-08
 Incoming Energy [8.477793389892922, 10.283032587766215)
   U238
     (n,gamma)                            3.85831e-06 +/- 5.18007e-09
 Incoming Energy [10.283032587766215, 12.472674708860467)
   U238
     (n,gamma)                            2.89136e-06 +/- 3.25017e-09
 Incoming Energy [12.472674708860467, 15.128573508376046)
   U238
     (n,gamma)                            2.59908e-06 +/- 2.07789e-09
 Incoming Energy [15.128573508376046, 18.35001246651192)
   U238
     (n,gamma)                            7.7494e-06 +/- 6.03474e-09
 Incoming Energy [18.35001246651192, 22.257416228616254)
   U238
     (n,gamma)                            0.00366705 +/- 5.56056e-06
 Incoming Energy [22.257416228616254, 26.996852349715994)
   U238
     (n,gamma)                            2.02555e-05 +/- 1.46089e-08
 Incoming Energy [26.996852349715994, 32.745491628777316)
   U238
     (n,gamma)                            1.33413e-05 +/- 7.58651e-09
 Incoming Energy [32.745491628777316, 39.718231152292304)
   U238
     (n,gamma)                            0.00437627 +/- 4.9351e-06
 Incoming Energy [39.718231152292304, 48.175727631481166)
   U238
     (n,gamma)                            1.77717e-05 +/- 9.26117e-09
 Incoming Energy [48.175727631481166, 58.43414133735181)
   U238
     (n,gamma)                            5.91511e-06 +/- 2.427e-09
 Incoming Energy [58.43414133735181, 70.87695488385978)
   U238
     (n,gamma)                            0.00267942 +/- 2.97379e-06
 Incoming Energy [70.87695488385978, 85.96930867190797)
   U238
     (n,gamma)                            0.00039644 +/- 4.00782e-07
 Incoming Energy [85.96930867190797, 104.27538888537687)
   U238
     (n,gamma)                            0.00216484 +/- 2.15637e-06
 Incoming Energy [104.27538888537687, 126.47951804164788)
   U238
     (n,gamma)                            0.00147739 +/- 1.66232e-06
 Incoming Energy [126.47951804164788, 153.4117365089097)
   U238
     (n,gamma)                            0.000103044 +/- 1.10666e-07
 Incoming Energy [153.4117365089097, 186.07883128499395)
   U238
     (n,gamma)                            0.000274428 +/- 2.70185e-07
 Incoming Energy [186.07883128499395, 225.70197196339214)
   U238
     (n,gamma)                            0.00186409 +/- 1.34912e-06
 Incoming Energy [225.70197196339214, 273.76236080364936)
   U238
     (n,gamma)                            0.000895597 +/- 8.13636e-07
 Incoming Energy [273.76236080364936, 332.0566034086015)
   U238
     (n,gamma)                            0.000580655 +/- 5.25595e-07
 Incoming Energy [332.0566034086015, 402.7638698891124)
   U238
     (n,gamma)                            0.000568003 +/- 4.76718e-07
 Incoming Energy [402.7638698891124, 488.52735715193967)
   U238
     (n,gamma)                            0.0005128 +/- 3.57499e-07
 Incoming Energy [488.52735715193967, 592.5530975545687)
   U238
     (n,gamma)                            0.000614019 +/- 4.65693e-07
 Incoming Energy [592.5530975545687, 718.7298076171211)
   U238
     (n,gamma)                            0.000796804 +/- 4.14754e-07
 Incoming Energy [718.7298076171211, 871.7742570061787)
   U238
     (n,gamma)                            0.000485 +/- 2.43187e-07
 Incoming Energy [871.7742570061787, 1057.4075920106193)
   U238
     (n,gamma)                            0.000553834 +/- 2.63806e-07
 Incoming Energy [1057.4075920106193, 1282.5692048781955)
   U238
     (n,gamma)                            0.000575687 +/- 2.19171e-07
 Incoming Energy [1282.5692048781955, 1555.6761439304755)
   U238
     (n,gamma)                            0.000312851 +/- 1.41699e-07
 Incoming Energy [1555.6761439304755, 1886.937761790582)
   U238
     (n,gamma)                            0.000393214 +/- 1.68371e-07
 Incoming Energy [1886.937761790582, 2288.7373639833754)
   U238
     (n,gamma)                            0.000386882 +/- 1.23984e-07
 Incoming Energy [2288.7373639833754, 2776.0951247924218)
   U238
     (n,gamma)                            0.000340497 +/- 9.80465e-08
 Incoming Energy [2776.0951247924218, 3367.229575211429)
   U238
     (n,gamma)                            0.000315558 +/- 9.29392e-08
 Incoming Energy [3367.229575211429, 4084.238652674526)
   U238
     (n,gamma)                            0.000260413 +/- 7.6571e-08
 Incoming Energy [4084.238652674526, 4953.925771738701)
   U238
     (n,gamma)                            0.000235217 +/- 5.8753e-08
 Incoming Energy [4953.925771738701, 6008.801796101249)
   U238
     (n,gamma)                            0.000234739 +/- 5.5888e-08
 Incoming Energy [6008.801796101249, 7288.300367923659)
   U238
     (n,gamma)                            0.000232613 +/- 5.67154e-08
 Incoming Energy [7288.300367923659, 8840.252026209613)
   U238
     (n,gamma)                            0.000193285 +/- 3.95246e-08
 Incoming Energy [8840.252026209613, 10722.672220103253)
   U238
     (n,gamma)                            0.000205821 +/- 4.23396e-08
 Incoming Energy [10722.672220103253, 13005.930057072286)
   U238
     (n,gamma)                            0.000187533 +/- 3.72726e-08
 Incoming Energy [13005.930057072286, 15775.378858669226)
   U238
     (n,gamma)                            0.000185402 +/- 3.49152e-08
 Incoming Energy [15775.378858669226, 19134.54685997042)
   U238
     (n,gamma)                            0.000163373 +/- 2.98678e-08
 Incoming Energy [19134.54685997042, 23209.00732822658)
   U238
     (n,gamma)                            0.000163358 +/- 2.36403e-08
 Incoming Energy [23209.00732822658, 28151.072774477383)
   U238
     (n,gamma)                            0.000101326 +/- 1.70482e-08
 Incoming Energy [28151.072774477383, 34145.48873833608)
   U238
     (n,gamma)                            0.000118548 +/- 1.99261e-08
 Incoming Energy [34145.48873833608, 41416.33999244574)
   U238
     (n,gamma)                            0.000124385 +/- 2.09991e-08
 Incoming Energy [41416.33999244574, 50235.42733608695)
   U238
     (n,gamma)                            6.92148e-05 +/- 1.14287e-08
 Incoming Energy [50235.42733608695, 60932.42812135442)
   U238
     (n,gamma)                            7.93482e-05 +/- 1.31386e-08
 Incoming Energy [60932.42812135442, 73907.22033525791)
   U238
     (n,gamma)                            7.80428e-05 +/- 1.22531e-08
 Incoming Energy [73907.22033525791, 89644.83093970215)
   U238
     (n,gamma)                            5.43495e-05 +/- 8.50613e-09
 Incoming Energy [89644.83093970215, 108733.56727196579)
   U238
     (n,gamma)                            1.72548e-05 +/- 2.77453e-09
 Incoming Energy [108733.56727196579, 131887.00929827886)
   U238
     (n,gamma)                            2.9746e-05 +/- 5.05388e-09
 Incoming Energy [131887.00929827886, 159970.6848404753)
   U238
     (n,gamma)                            3.24324e-05 +/- 5.66534e-09
 Incoming Energy [159970.6848404753, 194034.42495579197)
   U238
     (n,gamma)                            2.61184e-05 +/- 5.63246e-09
 Incoming Energy [194034.42495579197, 235351.60898679146)
   U238
     (n,gamma)                            1.56809e-05 +/- 3.48603e-09
 Incoming Energy [235351.60898679146, 285466.7663497939)
   U238
     (n,gamma)                            6.90744e-06 +/- 1.5856e-09
 Incoming Energy [285466.7663497939, 346253.3145238925)
   U238
     (n,gamma)                            9.52869e-06 +/- 1.86278e-09
 Incoming Energy [346253.3145238925, 419983.59161666525)
   U238
     (n,gamma)                            1.17186e-05 +/- 2.25751e-09
 Incoming Energy [419983.59161666525, 509413.80148163857)
   U238
     (n,gamma)                            1.87056e-05 +/- 3.40343e-09
 Incoming Energy [509413.80148163857, 617887.0468273731)
   U238
     (n,gamma)                            2.38529e-05 +/- 4.12064e-09
 Incoming Energy [617887.0468273731, 749458.3019278748)
   U238
     (n,gamma)                            2.90296e-05 +/- 5.03693e-09
 Incoming Energy [749458.3019278748, 909045.9966957977)
   U238
     (n,gamma)                            2.82507e-05 +/- 5.34388e-09
 Incoming Energy [909045.9966957977, 1102615.8786725726)
   U238
     (n,gamma)                            2.6993e-05 +/- 5.26164e-09
 Incoming Energy [1102615.8786725726, 1337404.0261108242)
   U238
     (n,gamma)                            1.90605e-05 +/- 4.20183e-09
 Incoming Energy [1337404.0261108242, 1622187.3488805385)
   U238
     (n,gamma)                            1.54477e-05 +/- 3.70337e-09
 Incoming Energy [1622187.3488805385, 1967611.6891321556)
   U238
     (n,gamma)                            1.1574e-05 +/- 2.9295e-09
 Incoming Energy [1967611.6891321556, 2386589.786858588)
   U238
     (n,gamma)                            7.36314e-06 +/- 1.8313e-09
 Incoming Energy [2386589.786858588, 2894783.987205286)
   U238
     (n,gamma)                            4.05945e-06 +/- 1.20714e-09
 Incoming Energy [2894783.987205286, 3511191.7342151417)
   U238
     (n,gamma)                            2.2536e-06 +/- 7.34825e-10
 Incoming Energy [3511191.7342151417, 4258855.738083239)
   U238
     (n,gamma)                            1.03865e-06 +/- 3.36561e-10
 Incoming Energy [4258855.738083239, 5165725.3635734385)
   U238
     (n,gamma)                            3.95278e-07 +/- 1.39466e-10
 Incoming Energy [5165725.3635734385, 6265701.440236088)
   U238
     (n,gamma)                            1.58458e-07 +/- 5.39607e-11
 Incoming Energy [6265701.440236088, 7599903.551786749)
   U238
     (n,gamma)                            6.8928e-08 +/- 2.52016e-11
 Incoming Energy [7599903.551786749, 9218207.178777484)
   U238
     (n,gamma)                            6.93003e-08 +/- 2.40788e-11
 Incoming Energy [9218207.178777484, 11181108.156416964)
   U238
     (n,gamma)                            1.38851e-07 +/- 5.05987e-11
 Incoming Energy [11181108.156416964, 13561984.145172274)
   U238
     (n,gamma)                            3.97932e-07 +/- 7.736e-11
 Incoming Energy [13561984.145172274, 16449837.653018864)
   U238
     (n,gamma)                            5.9338e-07 +/- 5.64595e-11
 Incoming Energy [16449837.653018864, 19952623.149688788)
   U238
     (n,gamma)                            8.26335e-14 +/- 2.45003e-14
